BL51 BANKED LINKER/LOCATER V6.22.2.0                                                    08/28/2018  20:30:13  PAGE 1


BL51 BANKED LINKER/LOCATER V6.22.2.0, INVOKED BY:
D:\KEIL4\C51\BIN\BL51.EXE .\Objects\STARTUP.obj, .\Objects\bsp_pwm.obj, .\Objects\bsp_uart.obj, .\Objects\bsp_timer.obj,
>>  .\Objects\TimeOut.obj, .\Objects\bsp_i2c_s.obj, .\Objects\bsp_i2c_port.obj, .\Objects\main.obj, .\Objects\app.obj, .
>> \Objects\S_TouchKeyCFG.obj, ..\lib\SC93F8XXX_HighSensitive_Lib_T1_V0.0.2.LIB TO .\Objects\soc_pro PRINT (.\Listings\s
>> oc_pro.m51) RAMSIZE (256)


MEMORY MODEL: SMALL


INPUT MODULES INCLUDED:
  .\Objects\STARTUP.obj (?C_STARTUP)
  .\Objects\bsp_pwm.obj (BSP_PWM)
  .\Objects\bsp_uart.obj (BSP_UART)
  .\Objects\bsp_timer.obj (BSP_TIMER)
  .\Objects\TimeOut.obj (TIMEOUT)
  .\Objects\bsp_i2c_s.obj (BSP_I2C_S)
  .\Objects\bsp_i2c_port.obj (BSP_I2C_PORT)
  .\Objects\main.obj (MAIN)
  .\Objects\app.obj (APP)
  .\Objects\S_TouchKeyCFG.obj (S_TOUCHKEYCFG)
  ..\lib\SC93F8XXX_HighSensitive_Lib_T1_V0.0.2.LIB (SENSORMETHOD)
  D:\KEIL4\C51\LIB\C51S.LIB (?C_INIT)
  D:\KEIL4\C51\LIB\C51S.LIB (?C?COPY)
  D:\KEIL4\C51\LIB\C51S.LIB (?C?CLDPTR)
  D:\KEIL4\C51\LIB\C51S.LIB (?C?CSTPTR)
  D:\KEIL4\C51\LIB\C51S.LIB (?C?IMUL)
  D:\KEIL4\C51\LIB\C51S.LIB (?C?UIDIV)
  D:\KEIL4\C51\LIB\C51S.LIB (?C?IILDX)
  D:\KEIL4\C51\LIB\C51S.LIB (?C?ILDIX)
  D:\KEIL4\C51\LIB\C51S.LIB (?C?ILDPTR)
  D:\KEIL4\C51\LIB\C51S.LIB (?C?LNOT)
  D:\KEIL4\C51\LIB\C51S.LIB (?C?ULCMP)
  D:\KEIL4\C51\LIB\C51S.LIB (?C?ULSHR)
  D:\KEIL4\C51\LIB\C51S.LIB (?C?LSHL)
  D:\KEIL4\C51\LIB\C51S.LIB (?C?LLDOPTR)
  D:\KEIL4\C51\LIB\C51S.LIB (?C?LSTPTR)
  D:\KEIL4\C51\LIB\C51S.LIB (?C?LSTOPTR)
  D:\KEIL4\C51\LIB\C51S.LIB (?C?LLDPTR0)
  D:\KEIL4\C51\LIB\C51S.LIB (?C?OFFXADD)
  D:\KEIL4\C51\LIB\C51S.LIB (?C?MEMSET)
  D:\KEIL4\C51\LIB\C51S.LIB (?C?LLDIDATA)
  D:\KEIL4\C51\LIB\C51S.LIB (?C?LLDXDATA)
  D:\KEIL4\C51\LIB\C51S.LIB (?C?LLDPDATA)
  D:\KEIL4\C51\LIB\C51S.LIB (?C?LLDCODE)
  D:\KEIL4\C51\LIB\C51S.LIB (?C?LLDIDATA0)
  D:\KEIL4\C51\LIB\C51S.LIB (?C?LLDXDATA0)
  D:\KEIL4\C51\LIB\C51S.LIB (?C?LLDPDATA0)
  D:\KEIL4\C51\LIB\C51S.LIB (?C?LLDCODE0)
  D:\KEIL4\C51\LIB\C51S.LIB (?C?LSTIDATA)
  D:\KEIL4\C51\LIB\C51S.LIB (?C?LSTXDATA)
  D:\KEIL4\C51\LIB\C51S.LIB (?C?LSTPDATA)


LINK MAP OF MODULE:  .\Objects\soc_pro (?C_STARTUP)


            TYPE    BASE      LENGTH    RELOCATION   SEGMENT NAME
BL51 BANKED LINKER/LOCATER V6.22.2.0                                                  08/28/2018  20:30:13  PAGE 2


            -----------------------------------------------------

            * * * * * * *   D A T A   M E M O R Y   * * * * * * *
            REG     0000H     0008H     ABSOLUTE     "REG BANK 0"
            DATA    0008H     0016H     UNIT         _DATA_GROUP_
                    001EH     0002H                  *** GAP ***
            BIT     0020H.0   0000H.2   UNIT         ?BI?SENSORMETHOD
            BIT     0020H.2   0000H.1   UNIT         _BIT_GROUP_
                    0020H.3   0000H.5                *** GAP ***
            DATA    0021H     000CH     UNIT         ?DT?BSP_UART
            DATA    002DH     000BH     UNIT         ?DT?APP
            DATA    0038H     0009H     UNIT         ?DT?SENSORMETHOD
            DATA    0041H     0006H     UNIT         ?DT?BSP_PWM
            DATA    0047H     0004H     UNIT         ?DT?_TIMEOUT_RECORD?TIMEOUT
            DATA    004BH     0004H     UNIT         ?DT?TIMEOUT
            DATA    004FH     0003H     UNIT         ?DT?_TIMEOUTDET_CHECK?TIMEOUT
            IDATA   0052H     0001H     UNIT         ?STACK

            * * * * * * *  X D A T A   M E M O R Y  * * * * * * *
            XDATA   0000H     005CH     UNIT         ?XD?S_TOUCHKEYCFG
            XDATA   005CH     003AH     UNIT         ?XD?APP
            XDATA   0096H     0009H     UNIT         ?XD?SENSORMETHOD

            * * * * * * *   C O D E   M E M O R Y   * * * * * * *
            CODE    0000H     0003H     ABSOLUTE     
            CODE    0003H     0008H     UNIT         ?PR?MAIN?MAIN
            CODE    000BH     0003H     ABSOLUTE     
            CODE    000EH     002DH     UNIT         ?PR?_GETCFGMSG?S_TOUCHKEYCFG
            CODE    003BH     0003H     ABSOLUTE     
            CODE    003EH     0003H     UNIT         ?PR?APP_KEY0HANDLE?APP
                    0041H     0002H                  *** GAP ***
            CODE    0043H     0003H     ABSOLUTE     
            CODE    0046H     0015H     UNIT         ?PR?_GETTKYZTHRESHOLD?S_TOUCHKEYCFG
            CODE    005BH     0003H     ABSOLUTE     
            CODE    005EH     040BH     UNIT         ?PR?APP_HANDLE?APP
            CODE    0469H     039DH     UNIT         ?PR?_SENSORRENOVATE?SENSORMETHOD
            CODE    0806H     0377H     UNIT         ?C?LIB_CODE
            CODE    0B7DH     0168H     UNIT         ?PR?KEY_SCAN?APP
            CODE    0CE5H     0144H     UNIT         ?PR?BSP_TIMER0IQRHANDLE?APP
            CODE    0E29H     0130H     UNIT         ?PR?TOUCHKEYSCAN?S_TOUCHKEYCFG
            CODE    0F59H     0120H     UNIT         ?PR?APP_LOCKKEYHANDLE?APP
            CODE    1079H     011FH     UNIT         ?PR?_MULTIPLEDEAL?SENSORMETHOD
            CODE    1198H     0118H     UNIT         ?PR?SENSORMETHOD
            CODE    12B0H     010AH     UNIT         ?PR?_IIC_WRITEDATA?BSP_I2C_S
            CODE    13BAH     00BBH     UNIT         ?PR?_FILTERDATADEAL?SENSORMETHOD
            CODE    1475H     00A0H     UNIT         ?PR?_IIC_READDATA?BSP_I2C_S
            CODE    1515H     00A0H     UNIT         ?PR?APP_INIT?APP
            CODE    15B5H     009AH     UNIT         ?C_C51STARTUP
            CODE    164FH     0092H     UNIT         ?PR?CTK_ISR?SENSORMETHOD
            CODE    16E1H     0075H     UNIT         ?PR?_BSP_UARTSENDBUF?BSP_UART
            CODE    1756H     0071H     UNIT         ?PR?TOUCHKEYINIT?SENSORMETHOD
            CODE    17C7H     006EH     UNIT         ?PR?_IIC_NCK?BSP_I2C_S
            CODE    1835H     006BH     UNIT         ?PR?APP_HEATCOOLHANDLE?APP
            CODE    18A0H     0068H     UNIT         ?PR?_IIC_START?BSP_I2C_S
            CODE    1908H     005EH     UNIT         ?PR?APP_LIGHTKEYHANDLE?APP
            CODE    1966H     005DH     UNIT         ?PR?BSP_PWMHANDLE?BSP_PWM
            CODE    19C3H     005BH     UNIT         ?PR?_IIC_STOP?BSP_I2C_S
BL51 BANKED LINKER/LOCATER V6.22.2.0                                                  08/28/2018  20:30:13  PAGE 3


            CODE    1A1EH     0053H     UNIT         ?PR?CURRENTSENSORCHOOSE?S_TOUCHKEYCFG
            CODE    1A71H     0052H     UNIT         ?CO?S_TOUCHKEYCFG
            CODE    1AC3H     004CH     UNIT         ?PR?INITIALIZESENSORFLAG?SENSORMETHOD
            CODE    1B0FH     004BH     UNIT         ?PR?_IIC_READ_DATA?BSP_I2C_S
            CODE    1B5AH     004AH     UNIT         ?PR?BSP_UART1IQRHANDLE?APP
            CODE    1BA4H     0043H     UNIT         ?PR?_IIC_WRITE_DATA?BSP_I2C_S
            CODE    1BE7H     0035H     UNIT         ?PR?_SYSTEM_SEND_MESSAGE?APP
            CODE    1C1CH     0033H     UNIT         ?PR?FILTERAVERGEDEAL?SENSORMETHOD
            CODE    1C4FH     0030H     UNIT         ?PR?_TIMEOUTDET_CHECK?TIMEOUT
            CODE    1C7FH     002CH     UNIT         ?PR?_BSP_UARTINIT?BSP_UART
            CODE    1CABH     002CH     UNIT         ?PR?_GETCURRFINGERVALUE?S_TOUCHKEYCFG
            CODE    1CD7H     0028H     UNIT         ?PR?_IIC_PORT_WRITE?BSP_I2C_PORT
            CODE    1CFFH     0025H     UNIT         ?PR?FILTERCOMMCODE?SENSORMETHOD
            CODE    1D24H     0025H     UNIT         ?PR?SENSORKEYFLAG?SENSORMETHOD
            CODE    1D49H     001FH     UNIT         ?PR?TOUCHKEYCFGINIT?S_TOUCHKEYCFG
            CODE    1D68H     001EH     UNIT         ?PR?FILTERIIRINIT?SENSORMETHOD
            CODE    1D86H     001DH     UNIT         ?PR?_IIC_DELAY_US?BSP_I2C_S
            CODE    1DA3H     001DH     UNIT         ?PR?APP_LEDINIT?APP
            CODE    1DC0H     001CH     UNIT         ?PR?_TIMEOUT_RECORD?TIMEOUT
            CODE    1DDCH     001CH     UNIT         ?PR?_IIC_PORT_READ?BSP_I2C_PORT
            CODE    1DF8H     001BH     UNIT         ?PR?INITIALIZEBASELINES?SENSORMETHOD
            CODE    1E13H     001AH     UNIT         ?PR?TIMEOUTDET_DECHANDLE?TIMEOUT
            CODE    1E2DH     001AH     UNIT         ?PR?_IIC_PORT_SDA_SET?BSP_I2C_PORT
            CODE    1E47H     0019H     UNIT         ?PR?BSP_PWNFULLON?BSP_PWM
            CODE    1E60H     0019H     UNIT         ?PR?APP_KEY1HANDLE?APP
            CODE    1E79H     0019H     UNIT         ?PR?APP_KEY4HANDLE?APP
            CODE    1E92H     0018H     UNIT         ?PR?BSP_PWMOFF?BSP_PWM
            CODE    1EAAH     0018H     UNIT         ?C_INITSEG
            CODE    1EC2H     0018H     UNIT         ?PR?APP_CLOSEKEYHANDLE?APP
            CODE    1EDAH     0017H     UNIT         ?PR?APP_OPENKEYHANDLE?APP
            CODE    1EF1H     0013H     UNIT         ?PR?BSP_PWMINIT?BSP_PWM
            CODE    1F04H     0013H     UNIT         ?PR?BSP_TIMER0INIT?BSP_TIMER
            CODE    1F17H     0012H     UNIT         ?PR?_GETSCANTIMEVALUE?S_TOUCHKEYCFG
            CODE    1F29H     0012H     UNIT         ?PR?_GETBASELINEADJUSTVALUE?S_TOUCHKEYCFG
            CODE    1F3BH     000FH     UNIT         ?PR?_IIC_PORT_INIT?BSP_I2C_PORT
            CODE    1F4AH     000CH     UNIT         ?PR?_USDELAY?SENSORMETHOD
            CODE    1F56H     000BH     UNIT         ?PR?SETONEKEYPUSHRESETTIME?S_TOUCHKEYCFG
            CODE    1F61H     000BH     UNIT         ?PR?GETBASELINEUPDATETHRESHOLD?S_TOUCHKEYCFG
            CODE    1F6CH     000AH     UNIT         ?PR?TIMEOUTDET_INIT?TIMEOUT
            CODE    1F76H     000AH     UNIT         ?PR?GETTKYZCNT?S_TOUCHKEYCFG
            CODE    1F80H     0009H     UNIT         ?PR?TIMEOUT_BASEVALUE?TIMEOUT
            CODE    1F89H     0009H     UNIT         ?PR?_IIC_INIT?BSP_I2C_S
            CODE    1F92H     0008H     UNIT         ?PR?GETINITAUTOUPDATETIME?S_TOUCHKEYCFG
            CODE    1F9AH     0008H     UNIT         ?PR?ISDOUBLEKEYORSLIDEKEY?S_TOUCHKEYCFG
            CODE    1FA2H     0008H     UNIT         ?PR?GETUPCONFIRMCNT?S_TOUCHKEYCFG
            CODE    1FAAH     0007H     UNIT         ?PR?BSP_PWMON?BSP_PWM
            CODE    1FB1H     0003H     UNIT         ?PR?APP_KEY2HANDLE?APP
            CODE    1FB4H     0003H     UNIT         ?PR?APP_KEY3HANDLE?APP
            CODE    1FB7H     0003H     UNIT         ?PR?APP_KEY5HANDLE?APP
            CODE    1FBAH     0003H     UNIT         ?PR?GETCSFUNCTION?S_TOUCHKEYCFG
            CODE    1FBDH     0003H     UNIT         ?PR?TOUCHKEYRESTART?SENSORMETHOD
            CODE    1FC0H     0003H     UNIT         ?PR?GETISNEEDUPDATEBASELINE?SENSORMETHOD
            CODE    1FC3H     0003H     UNIT         ?PR?SETNEEDUPDATEBASELINE?SENSORMETHOD



OVERLAY MAP OF MODULE:   .\Objects\soc_pro (?C_STARTUP)
BL51 BANKED LINKER/LOCATER V6.22.2.0                                                  08/28/2018  20:30:13  PAGE 4




SEGMENT                                             BIT_GROUP          DATA_GROUP 
  +--> CALLED SEGMENT                            START    LENGTH     START    LENGTH
------------------------------------------------------------------------------------
?C_C51STARTUP                                    -----    -----      -----    -----
  +--> ?PR?MAIN?MAIN
  +--> ?C_INITSEG

?PR?MAIN?MAIN                                    -----    -----      -----    -----
  +--> ?PR?APP_INIT?APP
  +--> ?PR?APP_HANDLE?APP

?PR?APP_INIT?APP                                 -----    -----      0008H    0002H
  +--> ?PR?APP_LEDINIT?APP
  +--> ?PR?BSP_PWMINIT?BSP_PWM
  +--> ?PR?BSP_PWMOFF?BSP_PWM
  +--> ?PR?_BSP_UARTINIT?BSP_UART
  +--> ?PR?BSP_TIMER0INIT?BSP_TIMER
  +--> ?PR?TIMEOUTDET_INIT?TIMEOUT
  +--> ?PR?_IIC_INIT?BSP_I2C_S
  +--> ?PR?_IIC_WRITE_DATA?BSP_I2C_S
  +--> ?PR?TOUCHKEYINIT?SENSORMETHOD

?PR?_BSP_UARTINIT?BSP_UART                       -----    -----      000AH    0002H

?PR?_IIC_INIT?BSP_I2C_S                          -----    -----      -----    -----
  +--> ?PR?_IIC_PORT_INIT?BSP_I2C_PORT

?PR?_IIC_WRITE_DATA?BSP_I2C_S                    -----    -----      000AH    0005H
  +--> ?PR?_IIC_START?BSP_I2C_S
  +--> ?PR?_IIC_WRITEDATA?BSP_I2C_S
  +--> ?PR?_IIC_STOP?BSP_I2C_S
  +--> ?PR?_IIC_NCK?BSP_I2C_S

?PR?_IIC_START?BSP_I2C_S                         -----    -----      0011H    0003H
  +--> ?PR?_IIC_PORT_WRITE?BSP_I2C_PORT
  +--> ?PR?_IIC_DELAY_US?BSP_I2C_S

?PR?_IIC_WRITEDATA?BSP_I2C_S                     -----    -----      0011H    0006H
  +--> ?PR?_IIC_PORT_WRITE?BSP_I2C_PORT
  +--> ?PR?_IIC_DELAY_US?BSP_I2C_S
  +--> ?PR?_IIC_PORT_SDA_SET?BSP_I2C_PORT
  +--> ?PR?_IIC_PORT_READ?BSP_I2C_PORT

?PR?_IIC_STOP?BSP_I2C_S                          -----    -----      0011H    0003H
  +--> ?PR?_IIC_PORT_WRITE?BSP_I2C_PORT
  +--> ?PR?_IIC_DELAY_US?BSP_I2C_S

?PR?_IIC_NCK?BSP_I2C_S                           -----    -----      0011H    0003H
  +--> ?PR?_IIC_PORT_WRITE?BSP_I2C_PORT
  +--> ?PR?_IIC_DELAY_US?BSP_I2C_S

?PR?TOUCHKEYINIT?SENSORMETHOD                    -----    -----      -----    -----
  +--> ?PR?TOUCHKEYCFGINIT?S_TOUCHKEYCFG
  +--> ?PR?_GETCFGMSG?S_TOUCHKEYCFG
  +--> ?PR?_GETSCANTIMEVALUE?S_TOUCHKEYCFG
BL51 BANKED LINKER/LOCATER V6.22.2.0                                                  08/28/2018  20:30:13  PAGE 5


  +--> ?PR?SENSORMETHOD
  +--> ?PR?INITIALIZESENSORFLAG?SENSORMETHOD
  +--> ?PR?FILTERAVERGEDEAL?SENSORMETHOD
  +--> ?PR?INITIALIZEBASELINES?SENSORMETHOD

?PR?TOUCHKEYCFGINIT?S_TOUCHKEYCFG                -----    -----      -----    -----
  +--> ?CO?S_TOUCHKEYCFG
  +--> ?PR?CURRENTSENSORCHOOSE?S_TOUCHKEYCFG

?PR?CURRENTSENSORCHOOSE?S_TOUCHKEYCFG            -----    -----      000AH    0004H

?PR?_GETCFGMSG?S_TOUCHKEYCFG                     -----    -----      -----    -----
  +--> ?CO?S_TOUCHKEYCFG

?PR?_GETSCANTIMEVALUE?S_TOUCHKEYCFG              -----    -----      -----    -----
  +--> ?CO?S_TOUCHKEYCFG

?PR?INITIALIZESENSORFLAG?SENSORMETHOD            -----    -----      -----    -----
  +--> ?PR?SENSORMETHOD

?PR?FILTERAVERGEDEAL?SENSORMETHOD                -----    -----      000AH    0002H
  +--> ?PR?FILTERCOMMCODE?SENSORMETHOD
  +--> ?PR?FILTERIIRINIT?SENSORMETHOD
  +--> ?PR?GETINITAUTOUPDATETIME?S_TOUCHKEYCFG
  +--> ?PR?_FILTERDATADEAL?SENSORMETHOD

?PR?FILTERCOMMCODE?SENSORMETHOD                  -----    -----      -----    -----
  +--> ?PR?_USDELAY?SENSORMETHOD

?PR?FILTERIIRINIT?SENSORMETHOD                   -----    -----      -----    -----
  +--> ?PR?SENSORMETHOD

?PR?GETINITAUTOUPDATETIME?S_TOUCHKEYCFG          -----    -----      -----    -----
  +--> ?CO?S_TOUCHKEYCFG

?PR?_FILTERDATADEAL?SENSORMETHOD                 -----    -----      0015H    0003H
  +--> ?PR?SENSORMETHOD
  +--> ?PR?_GETCURRFINGERVALUE?S_TOUCHKEYCFG

?PR?_GETCURRFINGERVALUE?S_TOUCHKEYCFG            -----    -----      -----    -----
  +--> ?CO?S_TOUCHKEYCFG

?PR?INITIALIZEBASELINES?SENSORMETHOD             -----    -----      -----    -----
  +--> ?PR?SENSORMETHOD

?PR?APP_HANDLE?APP                               -----    -----      0008H    0002H
  +--> ?PR?KEY_SCAN?APP
  +--> ?PR?_IIC_READ_DATA?BSP_I2C_S
  +--> ?PR?APP_KEY3HANDLE?APP
  +--> ?PR?APP_KEY2HANDLE?APP
  +--> ?PR?APP_HEATCOOLHANDLE?APP
  +--> ?PR?APP_KEY1HANDLE?APP
  +--> ?PR?APP_KEY4HANDLE?APP
  +--> ?PR?_IIC_WRITE_DATA?BSP_I2C_S
  +--> ?PR?APP_KEY5HANDLE?APP
  +--> ?PR?APP_KEY0HANDLE?APP
  +--> ?PR?_SYSTEM_SEND_MESSAGE?APP
BL51 BANKED LINKER/LOCATER V6.22.2.0                                                  08/28/2018  20:30:13  PAGE 6


  +--> ?PR?BSP_PWMON?BSP_PWM
  +--> ?PR?BSP_PWMOFF?BSP_PWM

?PR?KEY_SCAN?APP                                 -----    -----      -----    -----
  +--> ?PR?TOUCHKEYSCAN?S_TOUCHKEYCFG
  +--> ?PR?APP_KEY1HANDLE?APP
  +--> ?PR?APP_KEY4HANDLE?APP
  +--> ?PR?APP_KEY3HANDLE?APP
  +--> ?PR?APP_KEY2HANDLE?APP
  +--> ?PR?APP_HEATCOOLHANDLE?APP
  +--> ?PR?_IIC_WRITE_DATA?BSP_I2C_S
  +--> ?PR?TOUCHKEYRESTART?SENSORMETHOD

?PR?TOUCHKEYSCAN?S_TOUCHKEYCFG                   -----    -----      000AH    0009H
  +--> ?PR?GETISNEEDUPDATEBASELINE?SENSORMETHOD
  +--> ?PR?SENSORKEYFLAG?SENSORMETHOD
  +--> ?PR?SETNEEDUPDATEBASELINE?SENSORMETHOD
  +--> ?PR?ISDOUBLEKEYORSLIDEKEY?S_TOUCHKEYCFG
  +--> ?PR?SETONEKEYPUSHRESETTIME?S_TOUCHKEYCFG
  +--> ?CO?S_TOUCHKEYCFG
  +--> ?PR?_MULTIPLEDEAL?SENSORMETHOD

?PR?SENSORKEYFLAG?SENSORMETHOD                   -----    -----      0013H    0001H
  +--> ?PR?_FILTERDATADEAL?SENSORMETHOD
  +--> ?PR?_SENSORRENOVATE?SENSORMETHOD

?PR?_SENSORRENOVATE?SENSORMETHOD                 -----    -----      0014H    0009H
  +--> ?PR?SENSORMETHOD
  +--> ?PR?_GETCURRFINGERVALUE?S_TOUCHKEYCFG
  +--> ?PR?GETCSFUNCTION?S_TOUCHKEYCFG
  +--> ?PR?ISDOUBLEKEYORSLIDEKEY?S_TOUCHKEYCFG
  +--> ?PR?GETTKYZCNT?S_TOUCHKEYCFG
  +--> ?PR?_GETTKYZTHRESHOLD?S_TOUCHKEYCFG
  +--> ?PR?GETBASELINEUPDATETHRESHOLD?S_TOUC...
  +--> ?PR?GETUPCONFIRMCNT?S_TOUCHKEYCFG

?PR?ISDOUBLEKEYORSLIDEKEY?S_TOUCHKEYCFG          -----    -----      -----    -----
  +--> ?CO?S_TOUCHKEYCFG

?PR?_GETTKYZTHRESHOLD?S_TOUCHKEYCFG              -----    -----      -----    -----
  +--> ?PR?_GETCURRFINGERVALUE?S_TOUCHKEYCFG

?PR?GETBASELINEUPDATETHRESHOLD?S_TOUC...         -----    -----      -----    -----
  +--> ?CO?S_TOUCHKEYCFG

?PR?SETONEKEYPUSHRESETTIME?S_TOUCHKEYCFG         -----    -----      -----    -----
  +--> ?CO?S_TOUCHKEYCFG

?PR?_MULTIPLEDEAL?SENSORMETHOD                   -----    -----      0013H    0002H
  +--> ?PR?SENSORMETHOD
  +--> ?PR?INITIALIZESENSORFLAG?SENSORMETHOD
  +--> ?PR?FILTERIIRINIT?SENSORMETHOD
  +--> ?PR?_FILTERDATADEAL?SENSORMETHOD
  +--> ?PR?INITIALIZEBASELINES?SENSORMETHOD

?PR?APP_KEY3HANDLE?APP                           -----    -----      -----    -----
  +--> ?PR?APP_OPENKEYHANDLE?APP
BL51 BANKED LINKER/LOCATER V6.22.2.0                                                  08/28/2018  20:30:13  PAGE 7



?PR?APP_KEY2HANDLE?APP                           -----    -----      -----    -----
  +--> ?PR?APP_CLOSEKEYHANDLE?APP

?PR?APP_HEATCOOLHANDLE?APP                       -----    -----      -----    -----
  +--> ?PR?BSP_PWMOFF?BSP_PWM
  +--> ?PR?BSP_PWNFULLON?BSP_PWM
  +--> ?PR?BSP_PWMON?BSP_PWM
  +--> ?PR?_IIC_WRITE_DATA?BSP_I2C_S

?PR?BSP_PWMON?BSP_PWM                            -----    -----      -----    -----
  +--> ?PR?BSP_PWMINIT?BSP_PWM

?PR?_IIC_READ_DATA?BSP_I2C_S                     -----    -----      000AH    0007H
  +--> ?PR?_IIC_START?BSP_I2C_S
  +--> ?PR?_IIC_WRITEDATA?BSP_I2C_S
  +--> ?PR?_IIC_STOP?BSP_I2C_S
  +--> ?PR?_IIC_READDATA?BSP_I2C_S
  +--> ?PR?_IIC_NCK?BSP_I2C_S

?PR?_IIC_READDATA?BSP_I2C_S                      -----    -----      0011H    0005H
  +--> ?PR?_IIC_PORT_SDA_SET?BSP_I2C_PORT
  +--> ?PR?_IIC_DELAY_US?BSP_I2C_S
  +--> ?PR?_IIC_PORT_WRITE?BSP_I2C_PORT
  +--> ?PR?_IIC_PORT_READ?BSP_I2C_PORT

?PR?APP_KEY5HANDLE?APP                           -----    -----      -----    -----
  +--> ?PR?APP_LIGHTKEYHANDLE?APP

?PR?APP_LIGHTKEYHANDLE?APP                       -----    -----      -----    -----
  +--> ?PR?BSP_PWMON?BSP_PWM
  +--> ?PR?BSP_PWMOFF?BSP_PWM
  +--> ?PR?_IIC_WRITE_DATA?BSP_I2C_S

?PR?APP_KEY0HANDLE?APP                           -----    -----      -----    -----
  +--> ?PR?APP_LOCKKEYHANDLE?APP

?PR?APP_LOCKKEYHANDLE?APP                        -----    -----      -----    -----
  +--> ?PR?_IIC_WRITE_DATA?BSP_I2C_S

?PR?_SYSTEM_SEND_MESSAGE?APP                     -----    -----      000AH    0007H
  +--> ?PR?_BSP_UARTSENDBUF?BSP_UART

?PR?_BSP_UARTSENDBUF?BSP_UART                    -----    -----      0011H    0006H

*** NEW ROOT ***************************************************

?PR?BSP_UART1IQRHANDLE?APP                       -----    -----      001DH    0001H

*** NEW ROOT ***************************************************

?PR?BSP_TIMER0IQRHANDLE?APP                      -----    -----      -----    -----
  +--> ?PR?TIMEOUTDET_DECHANDLE?TIMEOUT

*** NEW ROOT ***************************************************

?PR?CTK_ISR?SENSORMETHOD                         0020H.2  0000H.1    -----    -----
BL51 BANKED LINKER/LOCATER V6.22.2.0                                                  08/28/2018  20:30:13  PAGE 8


  +--> ?PR?SENSORMETHOD
  +--> ?PR?_GETSCANTIMEVALUE?S_TOUCHKEYCFG
  +--> ?PR?_GETBASELINEADJUSTVALUE?S_TOUCHKE...

?PR?_GETBASELINEADJUSTVALUE?S_TOUCHKE...         -----    -----      -----    -----
  +--> ?CO?S_TOUCHKEYCFG



SYMBOL TABLE OF MODULE:  .\Objects\soc_pro (?C_STARTUP)

  VALUE           TYPE          NAME
  ----------------------------------

  -------         MODULE        ?C_STARTUP
  C:15B5H         SEGMENT       ?C_C51STARTUP
  I:0052H         SEGMENT       ?STACK
  C:0000H         PUBLIC        ?C_STARTUP
  D:00E0H         SYMBOL        ACC
  D:00F0H         SYMBOL        B
  D:0083H         SYMBOL        DPH
  D:0082H         SYMBOL        DPL
  N:0000H         SYMBOL        IBPSTACK
  N:0100H         SYMBOL        IBPSTACKTOP
  N:0100H         SYMBOL        IDATALEN
  C:15B8H         SYMBOL        IDATALOOP
  N:0000H         SYMBOL        PBPSTACK
  N:0100H         SYMBOL        PBPSTACKTOP
  N:0000H         SYMBOL        PDATALEN
  N:0000H         SYMBOL        PDATASTART
  N:0000H         SYMBOL        PPAGE
  N:0000H         SYMBOL        PPAGEENABLE
  D:00A0H         SYMBOL        PPAGE_SFR
  D:0081H         SYMBOL        SP
  C:15B5H         SYMBOL        STARTUP1
  N:0000H         SYMBOL        XBPSTACK
  N:0000H         SYMBOL        XBPSTACKTOP
  N:0400H         SYMBOL        XDATALEN
  C:15C3H         SYMBOL        XDATALOOP
  N:0000H         SYMBOL        XDATASTART
  C:0000H         LINE#         126
  C:15B5H         LINE#         133
  C:15B7H         LINE#         134
  C:15B8H         LINE#         135
  C:15B9H         LINE#         136
  C:15BBH         LINE#         140
  C:15BEH         LINE#         141
  C:15C0H         LINE#         145
  C:15C2H         LINE#         147
  C:15C3H         LINE#         148
  C:15C4H         LINE#         149
  C:15C5H         LINE#         150
  C:15C7H         LINE#         151
  C:15C9H         LINE#         185
  C:15CCH         LINE#         196
  -------         ENDMOD        ?C_STARTUP

BL51 BANKED LINKER/LOCATER V6.22.2.0                                                  08/28/2018  20:30:13  PAGE 9


  -------         MODULE        BSP_PWM
  C:0000H         SYMBOL        _ICE_DUMMY_
  D:0080H         PUBLIC        P0
  D:0090H         PUBLIC        P1
  D:00A0H         PUBLIC        P2
  D:00D8H         PUBLIC        P5
  C:1966H         PUBLIC        Bsp_PwmHandle
  D:00A8H         PUBLIC        IE
  C:1E47H         PUBLIC        Bsp_PwnFullOn
  C:1EF1H         PUBLIC        Bsp_PWMInit
  D:00D6H         PUBLIC        PWMDTY1
  D:00B8H         PUBLIC        IP
  D:0041H         SYMBOL        Pwm_Para
  D:00D4H         PUBLIC        PWMDTYA
  D:0098H         PUBLIC        SCON
  D:0088H         PUBLIC        TCON
  D:00A9H         PUBLIC        IE1
  D:00D1H         PUBLIC        PWMCFG
  D:00D2H         PUBLIC        PWMCON
  C:1E92H         PUBLIC        Bsp_PwmOff
  C:1FAAH         PUBLIC        Bsp_PwmON
  D:00D3H         PUBLIC        PWMPRD
  D:00C8H         PUBLIC        T2CON
  D:00D0H         PUBLIC        PSW
  -------         PROC          BSP_PWMINIT
  C:1EF1H         LINE#         7
  C:1EF1H         LINE#         8
  C:1EF4H         LINE#         9
  C:1EF7H         LINE#         10
  C:1EFAH         LINE#         11
  C:1EFDH         LINE#         12
  C:1F00H         LINE#         13
  C:1F03H         LINE#         14
  -------         ENDPROC       BSP_PWMINIT
  -------         PROC          BSP_PWMHANDLE
  C:1966H         LINE#         16
  C:1971H         LINE#         17
  C:1974H         LINE#         18
  C:1987H         LINE#         19
  C:198DH         LINE#         21
  C:1992H         LINE#         22
  C:1995H         LINE#         23
  C:1997H         LINE#         24
  C:199DH         LINE#         25
  C:199DH         LINE#         27
  C:19A4H         LINE#         28
  C:19A6H         LINE#         29
  C:19A9H         LINE#         30
  C:19AEH         LINE#         31
  C:19AEH         LINE#         33
  C:19B2H         LINE#         34
  C:19B4H         LINE#         35
  C:19B8H         LINE#         36
  C:19BAH         LINE#         37
  C:19BAH         LINE#         38
  -------         ENDPROC       BSP_PWMHANDLE
  -------         PROC          BSP_PWMOFF
BL51 BANKED LINKER/LOCATER V6.22.2.0                                                  08/28/2018  20:30:13  PAGE 10


  C:1E92H         LINE#         40
  C:1E92H         LINE#         41
  C:1EA1H         LINE#         42
  C:1EA4H         LINE#         43
  C:1EA7H         LINE#         44
  C:1EA9H         LINE#         45
  -------         ENDPROC       BSP_PWMOFF
  -------         PROC          BSP_PWNFULLON
  C:1E47H         LINE#         47
  C:1E47H         LINE#         48
  C:1E56H         LINE#         49
  C:1E59H         LINE#         50
  C:1E5CH         LINE#         51
  C:1E5FH         LINE#         52
  -------         ENDPROC       BSP_PWNFULLON
  -------         PROC          BSP_PWMON
  C:1FAAH         LINE#         54
  C:1FAAH         LINE#         55
  C:1FADH         LINE#         56
  C:1FB0H         LINE#         57
  -------         ENDPROC       BSP_PWMON
  -------         ENDMOD        BSP_PWM

  -------         MODULE        BSP_UART
  C:0000H         SYMBOL        _ICE_DUMMY_
  D:0080H         PUBLIC        P0
  D:009FH         PUBLIC        SSDAT
  D:0090H         PUBLIC        P1
  D:00A0H         PUBLIC        P2
  D:008FH         PUBLIC        OTCON
  D:00D8H         PUBLIC        P5
  D:00A8H         PUBLIC        IE
  D:00B8H         PUBLIC        IP
  B:0098H.1       PUBLIC        TI
  D:0099H         PUBLIC        SBUF
  B:00A0H.0       PUBLIC        P20
  D:0098H         PUBLIC        SCON
  D:0088H         PUBLIC        TCON
  D:009DH         PUBLIC        SSCON0
  D:009EH         PUBLIC        SSCON1
  D:0095H         PUBLIC        SSCON2
  C:1C7FH         PUBLIC        _Bsp_UartInit
  D:00A9H         PUBLIC        IE1
  D:0021H         PUBLIC        Tx_Buf
  C:16E1H         PUBLIC        _Bsp_UartSendBuf
  D:00A1H         PUBLIC        P2CON
  D:00C8H         PUBLIC        T2CON
  D:00D0H         PUBLIC        PSW
  -------         PROC          _BSP_UARTINIT
  D:0007H         SYMBOL        id
  -------         DO            
  D:000AH         SYMBOL        baud_set
  -------         ENDDO         
  C:1C7FH         LINE#         22
  C:1C7FH         LINE#         38
  C:1C84H         LINE#         39
  C:1C88H         LINE#         40
BL51 BANKED LINKER/LOCATER V6.22.2.0                                                  08/28/2018  20:30:13  PAGE 11


  C:1C8BH         LINE#         41
  C:1C8EH         LINE#         42
  C:1C93H         LINE#         43
  C:1C96H         LINE#         44
  C:1C9AH         LINE#         45
  C:1C9DH         LINE#         46
  C:1CA0H         LINE#         47
  C:1CA2H         LINE#         48
  C:1CA6H         LINE#         49
  C:1CA6H         LINE#         50
  C:1CAAH         LINE#         51
  -------         ENDPROC       _BSP_UARTINIT
  -------         PROC          _BSP_UARTSENDBUF
  D:0007H         SYMBOL        id
  D:0012H         SYMBOL        buf
  D:0015H         SYMBOL        len
  C:16E1H         LINE#         68
  C:16E7H         LINE#         69
  C:16ECH         LINE#         70
  C:16F9H         LINE#         71
  C:16FBH         LINE#         72
  C:170EH         LINE#         73
  C:1713H         LINE#         74
  C:1713H         LINE#         75
  C:1718H         LINE#         76
  C:171CH         LINE#         77
  C:1727H         LINE#         79
  C:1736H         LINE#         80
  C:1749H         LINE#         81
  C:174FH         LINE#         82
  C:1752H         LINE#         84
  C:1755H         LINE#         85
  C:1755H         LINE#         86
  C:1755H         LINE#         87
  -------         ENDPROC       _BSP_UARTSENDBUF
  -------         ENDMOD        BSP_UART

  -------         MODULE        BSP_TIMER
  C:0000H         SYMBOL        _ICE_DUMMY_
  D:0080H         PUBLIC        P0
  D:0090H         PUBLIC        P1
  D:00A0H         PUBLIC        P2
  D:008EH         PUBLIC        TMCON
  D:00D8H         PUBLIC        P5
  D:00A8H         PUBLIC        IE
  D:00B8H         PUBLIC        IP
  D:0098H         PUBLIC        SCON
  D:0088H         PUBLIC        TCON
  D:0089H         PUBLIC        TMOD
  B:00A8H.1       PUBLIC        ET0
  D:008CH         PUBLIC        TH0
  D:008AH         PUBLIC        TL0
  C:1F04H         PUBLIC        Bsp_Timer0Init
  B:0088H.4       PUBLIC        TR0
  D:00C8H         PUBLIC        T2CON
  D:00D0H         PUBLIC        PSW
  -------         PROC          BSP_TIMER0INIT
BL51 BANKED LINKER/LOCATER V6.22.2.0                                                  08/28/2018  20:30:13  PAGE 12


  C:1F04H         LINE#         16
  C:1F04H         LINE#         17
  C:1F07H         LINE#         18
  C:1F0AH         LINE#         19
  C:1F0DH         LINE#         20
  C:1F10H         LINE#         21
  C:1F12H         LINE#         22
  C:1F14H         LINE#         23
  C:1F16H         LINE#         24
  -------         ENDPROC       BSP_TIMER0INIT
  -------         ENDMOD        BSP_TIMER

  -------         MODULE        TIMEOUT
  C:0000H         SYMBOL        _ICE_DUMMY_
  C:1DC0H         PUBLIC        _TimeOut_Record
  C:1E13H         PUBLIC        TimeOutDet_DecHandle
  C:1F80H         PUBLIC        TimeOut_BaseValue
  C:1C4FH         PUBLIC        _TimeOutDet_Check
  D:004BH         PUBLIC        InsBaseNum
  C:1F6CH         PUBLIC        TimeOutDet_Init
  -------         PROC          TIMEOUTDET_INIT
  C:1F6CH         LINE#         6
  C:1F6CH         LINE#         7
  C:1F6CH         LINE#         8
  C:1F75H         LINE#         9
  -------         ENDPROC       TIMEOUTDET_INIT
  -------         PROC          TIMEOUTDET_DECHANDLE
  C:1E13H         LINE#         11
  C:1E13H         LINE#         12
  C:1E13H         LINE#         13
  C:1E2CH         LINE#         14
  -------         ENDPROC       TIMEOUTDET_DECHANDLE
  -------         PROC          TIMEOUT_BASEVALUE
  C:1F80H         LINE#         16
  C:1F80H         LINE#         17
  C:1F80H         LINE#         18
  C:1F88H         LINE#         19
  -------         ENDPROC       TIMEOUT_BASEVALUE
  -------         PROC          _TIMEOUT_RECORD
  D:0001H         SYMBOL        TimeOutPara
  D:0047H         SYMBOL        timeoutvalue
  C:1DC0H         LINE#         21
  C:1DC8H         LINE#         23
  C:1DC8H         LINE#         24
  C:1DCEH         LINE#         25
  -------         ENDPROC       _TIMEOUT_RECORD
  -------         PROC          _TIMEOUTDET_CHECK
  D:004FH         SYMBOL        TimeOutPara
  C:1C4FH         LINE#         33
  C:1C55H         LINE#         34
  C:1C55H         LINE#         35
  C:1C7EH         LINE#         36
  -------         ENDPROC       _TIMEOUTDET_CHECK
  -------         ENDMOD        TIMEOUT

  -------         MODULE        BSP_I2C_S
  C:0000H         SYMBOL        _ICE_DUMMY_
BL51 BANKED LINKER/LOCATER V6.22.2.0                                                  08/28/2018  20:30:13  PAGE 13


  D:0080H         PUBLIC        P0
  D:0090H         PUBLIC        P1
  D:00A0H         PUBLIC        P2
  D:00D8H         PUBLIC        P5
  D:00A8H         PUBLIC        IE
  C:1B0FH         PUBLIC        _IIC_Read_Data
  D:00B8H         PUBLIC        IP
  C:1BA4H         PUBLIC        _IIC_Write_Data
  C:1475H         SYMBOL        _IIC_ReadData
  D:0098H         PUBLIC        SCON
  D:0088H         PUBLIC        TCON
  C:12B6H         SYMBOL        _IIC_WriteData
  C:18A0H         SYMBOL        _IIC_Start
  C:1F89H         PUBLIC        _IIC_Init
  C:17C7H         SYMBOL        _IIC_Nck
  C:19C3H         SYMBOL        _IIC_Stop
  D:00C8H         PUBLIC        T2CON
  C:1D89H         SYMBOL        _IIC_Delay_us
  D:00D0H         PUBLIC        PSW
  -------         PROC          L?0034
  -------         ENDPROC       L?0034
  -------         PROC          _IIC_DELAY_US
  D:0006H         SYMBOL        Delay
  -------         DO            
  D:0005H         SYMBOL        j
  -------         ENDDO         
  C:1D89H         LINE#         7
  C:1D89H         LINE#         9
  C:1D93H         LINE#         10
  C:1DA2H         LINE#         11
  C:1DA2H         LINE#         12
  -------         ENDPROC       _IIC_DELAY_US
  -------         PROC          _IIC_INIT
  D:0001H         SYMBOL        p
  C:1F89H         LINE#         14
  C:1F89H         LINE#         16
  -------         ENDPROC       _IIC_INIT
  -------         PROC          _IIC_START
  D:0011H         SYMBOL        p
  C:18A0H         LINE#         19
  C:18A6H         LINE#         20
  C:18B6H         LINE#         21
  C:18B9H         LINE#         22
  C:18D0H         LINE#         23
  C:18D3H         LINE#         24
  C:18E7H         LINE#         25
  C:18EDH         LINE#         26
  C:1902H         LINE#         27
  -------         ENDPROC       _IIC_START
  -------         PROC          L?0035
  -------         ENDPROC       L?0035
  -------         PROC          _IIC_WRITEDATA
  D:0011H         SYMBOL        p
  D:0014H         SYMBOL        Data
  -------         DO            
  D:0015H         SYMBOL        i
  D:0016H         SYMBOL        AckStatus
BL51 BANKED LINKER/LOCATER V6.22.2.0                                                  08/28/2018  20:30:13  PAGE 14


  -------         ENDDO         
  C:12B6H         LINE#         30
  C:12BEH         LINE#         32
  C:12CCH         LINE#         33
  C:12D7H         LINE#         34
  C:12E2H         LINE#         35
  C:12E4H         LINE#         36
  C:12F2H         LINE#         37
  C:12F2H         LINE#         38
  C:12F8H         LINE#         39
  C:12FEH         LINE#         40
  C:1315H         LINE#         41
  C:131BH         LINE#         42
  C:1330H         LINE#         43
  C:1336H         LINE#         44
  C:133AH         LINE#         45
  C:134CH         LINE#         46
  C:1363H         LINE#         47
  C:1369H         LINE#         49
  C:137FH         LINE#         50
  C:1382H         LINE#         52
  C:1384H         LINE#         53
  C:1387H         LINE#         54
  C:1387H         LINE#         55
  C:139CH         LINE#         56
  C:13A2H         LINE#         57
  C:13B5H         LINE#         58
  C:13B9H         LINE#         59
  -------         ENDPROC       _IIC_WRITEDATA
  -------         PROC          _IIC_STOP
  D:0011H         SYMBOL        p
  C:19C3H         LINE#         61
  C:19C9H         LINE#         62
  C:19D8H         LINE#         63
  C:19DEH         LINE#         64
  C:19F5H         LINE#         65
  C:19FBH         LINE#         66
  C:1A11H         LINE#         67
  C:1A17H         LINE#         68
  -------         ENDPROC       _IIC_STOP
  -------         PROC          _IIC_NCK
  D:0011H         SYMBOL        p
  C:17C7H         LINE#         71
  C:17CDH         LINE#         72
  C:17DDH         LINE#         73
  C:17E3H         LINE#         74
  C:17FAH         LINE#         75
  C:1800H         LINE#         76
  C:1815H         LINE#         77
  C:181BH         LINE#         78
  C:182FH         LINE#         79
  -------         ENDPROC       _IIC_NCK
  -------         PROC          _IIC_READDATA
  D:0011H         SYMBOL        p
  -------         DO            
  D:0014H         SYMBOL        Read
  D:0015H         SYMBOL        j
BL51 BANKED LINKER/LOCATER V6.22.2.0                                                  08/28/2018  20:30:13  PAGE 15


  -------         ENDDO         
  C:1475H         LINE#         94
  C:147BH         LINE#         95
  C:147EH         LINE#         96
  C:148AH         LINE#         97
  C:1490H         LINE#         98
  C:149EH         LINE#         99
  C:14B5H         LINE#         100
  C:14BBH         LINE#         101
  C:14D1H         LINE#         102
  C:14E0H         LINE#         103
  C:14E0H         LINE#         104
  C:14F5H         LINE#         105
  C:14FBH         LINE#         106
  C:14FFH         LINE#         107
  C:1512H         LINE#         108
  C:1514H         LINE#         109
  -------         ENDPROC       _IIC_READDATA
  -------         PROC          _IIC_READ_DATA
  D:000AH         SYMBOL        p
  D:000DH         SYMBOL        Add
  D:000EH         SYMBOL        Read_Data
  C:1B0FH         LINE#         111
  C:1B17H         LINE#         112
  C:1B1AH         LINE#         113
  C:1B2FH         LINE#         114
  C:1B32H         LINE#         115
  C:1B36H         LINE#         116
  C:1B36H         LINE#         117
  C:1B43H         LINE#         118
  C:1B4CH         LINE#         119
  C:1B55H         LINE#         120
  C:1B59H         LINE#         121
  -------         ENDPROC       _IIC_READ_DATA
  -------         PROC          _IIC_WRITE_DATA
  D:000AH         SYMBOL        p
  D:000DH         SYMBOL        Add
  D:000EH         SYMBOL        Write_Data
  C:1BA4H         LINE#         123
  C:1BACH         LINE#         124
  C:1BAFH         LINE#         125
  C:1BB8H         LINE#         126
  C:1BBEH         LINE#         127
  C:1BC0H         LINE#         128
  C:1BC0H         LINE#         129
  C:1BCFH         LINE#         130
  C:1BD2H         LINE#         131
  C:1BD6H         LINE#         132
  C:1BD6H         LINE#         133
  C:1BD9H         LINE#         134
  C:1BE2H         LINE#         135
  C:1BE6H         LINE#         136
  -------         ENDPROC       _IIC_WRITE_DATA
  -------         ENDMOD        BSP_I2C_S

  -------         MODULE        BSP_I2C_PORT
  C:0000H         SYMBOL        _ICE_DUMMY_
BL51 BANKED LINKER/LOCATER V6.22.2.0                                                  08/28/2018  20:30:13  PAGE 16


  D:0080H         PUBLIC        P0
  D:0090H         PUBLIC        P1
  D:00A0H         PUBLIC        P2
  D:00D8H         PUBLIC        P5
  D:00A8H         PUBLIC        IE
  D:00B8H         PUBLIC        IP
  C:1E2DH         PUBLIC        _IIC_Port_SDA_Set
  D:0098H         PUBLIC        SCON
  B:0090H.4       PUBLIC        P14
  D:0088H         PUBLIC        TCON
  B:0090H.5       PUBLIC        P15
  C:1DDCH         PUBLIC        _IIC_Port_Read
  C:1CD7H         PUBLIC        _IIC_Port_Write
  C:1F3BH         PUBLIC        _IIC_Port_Init
  D:0091H         PUBLIC        P1CON
  D:00C8H         PUBLIC        T2CON
  D:00D0H         PUBLIC        PSW
  -------         PROC          _IIC_PORT_INIT
  D:0006H         SYMBOL        ID
  C:1F3BH         LINE#         11
  C:1F3BH         LINE#         12
  C:1F3FH         LINE#         17
  C:1F42H         LINE#         18
  C:1F45H         LINE#         19
  C:1F45H         LINE#         20
  C:1F49H         LINE#         21
  -------         ENDPROC       _IIC_PORT_INIT
  -------         PROC          _IIC_PORT_SDA_SET
  D:0006H         SYMBOL        ID
  D:0004H         SYMBOL        Func
  C:1E2DH         LINE#         25
  C:1E2DH         LINE#         26
  C:1E31H         LINE#         27
  C:1E35H         LINE#         28
  C:1E38H         LINE#         29
  C:1E40H         LINE#         30
  C:1E43H         LINE#         31
  C:1E43H         LINE#         33
  C:1E43H         LINE#         34
  C:1E43H         LINE#         35
  C:1E46H         LINE#         37
  -------         ENDPROC       _IIC_PORT_SDA_SET
  -------         PROC          _IIC_PORT_WRITE
  D:0006H         SYMBOL        ID
  D:0004H         SYMBOL        Func
  D:0002H         SYMBOL        Data
  C:1CD7H         LINE#         42
  C:1CD7H         LINE#         43
  C:1CDBH         LINE#         44
  C:1CDFH         LINE#         45
  C:1CE9H         LINE#         46
  C:1CF1H         LINE#         47
  C:1CFBH         LINE#         48
  C:1CFBH         LINE#         50
  C:1CFBH         LINE#         51
  C:1CFBH         LINE#         52
  C:1CFEH         LINE#         54
BL51 BANKED LINKER/LOCATER V6.22.2.0                                                  08/28/2018  20:30:13  PAGE 17


  -------         ENDPROC       _IIC_PORT_WRITE
  -------         PROC          _IIC_PORT_READ
  D:0006H         SYMBOL        ID
  D:0004H         SYMBOL        Func
  C:1DDCH         LINE#         56
  C:1DDCH         LINE#         57
  C:1DE0H         LINE#         58
  C:1DE4H         LINE#         59
  C:1DE8H         LINE#         60
  C:1DEEH         LINE#         61
  C:1DF4H         LINE#         62
  C:1DF4H         LINE#         64
  C:1DF4H         LINE#         65
  C:1DF4H         LINE#         66
  C:1DF7H         LINE#         67
  -------         ENDPROC       _IIC_PORT_READ
  -------         ENDMOD        BSP_I2C_PORT

  -------         MODULE        MAIN
  C:0000H         SYMBOL        _ICE_DUMMY_
  D:0080H         PUBLIC        P0
  D:0090H         PUBLIC        P1
  D:00A0H         PUBLIC        P2
  D:00D8H         PUBLIC        P5
  D:00A8H         PUBLIC        IE
  D:00B8H         PUBLIC        IP
  C:0003H         PUBLIC        main
  D:0098H         PUBLIC        SCON
  D:0088H         PUBLIC        TCON
  D:00C8H         PUBLIC        T2CON
  D:00D0H         PUBLIC        PSW
  -------         PROC          MAIN
  C:0003H         LINE#         13
  C:0003H         LINE#         14
  C:0006H         LINE#         15
  C:0006H         LINE#         16
  C:0009H         LINE#         17
  -------         ENDPROC       MAIN
  -------         ENDMOD        MAIN

  -------         MODULE        APP
  C:0000H         SYMBOL        _ICE_DUMMY_
  D:0080H         PUBLIC        P0
  D:009FH         PUBLIC        SSDAT
  D:0090H         PUBLIC        P1
  D:00A0H         PUBLIC        P2
  D:002FH         PUBLIC        key_press_cnt
  D:00D8H         PUBLIC        P5
  B:00A8H.7       PUBLIC        EA
  X:005CH         SYMBOL        App_Para
  C:0F59H         PUBLIC        App_LockKeyHandle
  D:00A8H         PUBLIC        IE
  C:0B7DH         PUBLIC        Key_Scan
  C:1EDAH         PUBLIC        App_OpenKeyHandle
  C:1515H         PUBLIC        App_Init
  D:00B8H         PUBLIC        IP
  D:0092H         PUBLIC        P1PH
BL51 BANKED LINKER/LOCATER V6.22.2.0                                                  08/28/2018  20:30:13  PAGE 18


  D:00A2H         PUBLIC        P2PH
  C:1BE7H         SYMBOL        _System_Send_Message
  D:0031H         PUBLIC        HEAT_COOL_START
  D:0032H         PUBLIC        status
  C:003EH         PUBLIC        App_Key0Handle
  C:1E60H         PUBLIC        App_Key1Handle
  C:1FB1H         PUBLIC        App_Key2Handle
  C:1DA3H         SYMBOL        App_LedInit
  C:1FB4H         PUBLIC        App_Key3Handle
  B:0080H.1       PUBLIC        P01
  C:1E79H         PUBLIC        App_Key4Handle
  B:00A0H.0       PUBLIC        P20
  C:1FB7H         PUBLIC        App_Key5Handle
  B:00A0H.2       PUBLIC        P22
  D:0098H         PUBLIC        SCON
  B:00D8H.0       PUBLIC        P50
  B:00A0H.3       PUBLIC        P23
  D:0088H         PUBLIC        TCON
  B:00D8H.1       PUBLIC        P51
  B:00A0H.4       PUBLIC        P24
  D:0033H         PUBLIC        key_static
  B:00A0H.5       PUBLIC        P25
  B:0090H.7       PUBLIC        P17
  D:009DH         PUBLIC        SSCON0
  B:00A0H.7       PUBLIC        P27
  C:0CE5H         PUBLIC        Bsp_Timer0IqrHandle
  X:0092H         SYMBOL        I2c_Para
  D:008CH         PUBLIC        TH0
  D:008AH         PUBLIC        TL0
  D:00CFH         PUBLIC        WDTCON
  C:005EH         PUBLIC        App_Handle
  C:1B5AH         PUBLIC        Bsp_Uart1IqrHandle
  C:1EC2H         PUBLIC        App_CLoseKeyHandle
  D:0034H         PUBLIC        key_press_flag
  D:009AH         PUBLIC        P0CON
  D:00A1H         PUBLIC        P2CON
  D:00D9H         PUBLIC        P5CON
  C:1835H         PUBLIC        App_HeatCoolHandle
  D:00C8H         PUBLIC        T2CON
  D:0035H         PUBLIC        HEAT_COOL_ARR
  C:1908H         PUBLIC        App_LightKeyHandle
  D:00D0H         PUBLIC        PSW
  -------         PROC          APP_LEDINIT
  C:1DA3H         LINE#         47
  C:1DA3H         LINE#         48
  C:1DA6H         LINE#         49
  C:1DA9H         LINE#         50
  C:1DACH         LINE#         51
  C:1DAFH         LINE#         52
  C:1DBDH         LINE#         54
  C:1DBFH         LINE#         55
  -------         ENDPROC       APP_LEDINIT
  -------         PROC          APP_HEATCOOLHANDLE
  C:1835H         LINE#         70
  C:1835H         LINE#         74
  C:183DH         LINE#         76
  C:183FH         LINE#         77
BL51 BANKED LINKER/LOCATER V6.22.2.0                                                  08/28/2018  20:30:13  PAGE 19


  C:1841H         LINE#         78
  C:1848H         LINE#         79
  C:184BH         LINE#         80
  C:184BH         LINE#         82
  C:1855H         LINE#         84
  C:1857H         LINE#         85
  C:185EH         LINE#         86
  C:1861H         LINE#         87
  C:1864H         LINE#         88
  C:1875H         LINE#         90
  C:1877H         LINE#         92
  C:187AH         LINE#         93
  C:1880H         LINE#         94
  C:1883H         LINE#         95
  C:1883H         LINE#         96
  C:1885H         LINE#         97
  C:1887H         LINE#         98
  C:188FH         LINE#         99
  C:189FH         LINE#         101
  C:189FH         LINE#         102
  -------         ENDPROC       APP_HEATCOOLHANDLE
  -------         PROC          APP_LOCKKEYHANDLE
  C:0F59H         LINE#         105
  C:0F59H         LINE#         106
  C:0F5FH         LINE#         107
  C:0F65H         LINE#         109
  C:0F71H         LINE#         110
  C:0F78H         LINE#         111
  C:0F7AH         LINE#         112
  C:0F7CH         LINE#         113
  C:0F83H         LINE#         114
  C:0F85H         LINE#         115
  C:0F85H         LINE#         117
  C:0F8EH         LINE#         118
  C:0F95H         LINE#         119
  C:0F97H         LINE#         120
  C:0F9FH         LINE#         121
  C:0F9FH         LINE#         122
  C:0F9FH         LINE#         123
  C:0FA9H         LINE#         124
  C:0FB0H         LINE#         125
  C:0FB2H         LINE#         126
  C:0FB2H         LINE#         150
  C:0FB4H         LINE#         151
  C:0FB6H         LINE#         152
  C:0FBDH         LINE#         153
  C:0FC1H         LINE#         154
  C:0FD1H         LINE#         155
  C:0FD4H         LINE#         156
  C:0FDAH         LINE#         157
  C:0FDCH         LINE#         158
  C:0FE1H         LINE#         159
  C:0FE8H         LINE#         160
  C:0FECH         LINE#         161
  C:0FF0H         LINE#         162
  C:0FF8H         LINE#         163
  C:1008H         LINE#         164
BL51 BANKED LINKER/LOCATER V6.22.2.0                                                  08/28/2018  20:30:13  PAGE 20


  C:1014H         LINE#         165
  C:1017H         LINE#         167
  C:1017H         LINE#         168
  C:101FH         LINE#         170
  C:1028H         LINE#         171
  C:102FH         LINE#         172
  C:1031H         LINE#         174
  C:1039H         LINE#         175
  C:1039H         LINE#         176
  C:1039H         LINE#         178
  C:1043H         LINE#         179
  C:104AH         LINE#         180
  C:104CH         LINE#         181
  C:104CH         LINE#         205
  C:1060H         LINE#         214
  C:1062H         LINE#         215
  C:1064H         LINE#         216
  C:106BH         LINE#         217
  C:106BH         LINE#         218
  C:1071H         LINE#         219
  C:1078H         LINE#         220
  -------         ENDPROC       APP_LOCKKEYHANDLE
  -------         PROC          APP_OPENKEYHANDLE
  C:1EDAH         LINE#         222
  C:1EDAH         LINE#         223
  C:1EE0H         LINE#         224
  C:1EE5H         LINE#         228
  C:1EE9H         LINE#         229
  C:1EF0H         LINE#         230
  C:1EF0H         LINE#         231
  -------         ENDPROC       APP_OPENKEYHANDLE
  -------         PROC          APP_CLOSEKEYHANDLE
  C:1EC2H         LINE#         233
  C:1EC2H         LINE#         234
  C:1EC8H         LINE#         235
  C:1ECDH         LINE#         239
  C:1ED2H         LINE#         240
  C:1ED9H         LINE#         241
  C:1ED9H         LINE#         242
  -------         ENDPROC       APP_CLOSEKEYHANDLE
  -------         PROC          APP_LIGHTKEYHANDLE
  C:1908H         LINE#         244
  C:1908H         LINE#         245
  C:190EH         LINE#         246
  C:1913H         LINE#         248
  C:1919H         LINE#         249
  C:1920H         LINE#         250
  C:1922H         LINE#         251
  C:1928H         LINE#         252
  C:192EH         LINE#         253
  C:1931H         LINE#         254
  C:1931H         LINE#         255
  C:1933H         LINE#         256
  C:193AH         LINE#         257
  C:193CH         LINE#         258
  C:1941H         LINE#         259
  C:1947H         LINE#         260
BL51 BANKED LINKER/LOCATER V6.22.2.0                                                  08/28/2018  20:30:13  PAGE 21


  C:194AH         LINE#         261
  C:194AH         LINE#         262
  C:194AH         LINE#         263
  C:195EH         LINE#         264
  C:1965H         LINE#         265
  C:1965H         LINE#         266
  -------         ENDPROC       APP_LIGHTKEYHANDLE
  -------         PROC          APP_KEY0HANDLE
  C:003EH         LINE#         327
  C:003EH         LINE#         328
  -------         ENDPROC       APP_KEY0HANDLE
  -------         PROC          APP_KEY1HANDLE
  C:1E60H         LINE#         346
  C:1E60H         LINE#         362
  C:1E66H         LINE#         363
  C:1E6BH         LINE#         367
  C:1E71H         LINE#         368
  C:1E78H         LINE#         369
  C:1E78H         LINE#         370
  -------         ENDPROC       APP_KEY1HANDLE
  -------         PROC          APP_KEY2HANDLE
  C:1FB1H         LINE#         385
  C:1FB1H         LINE#         386
  -------         ENDPROC       APP_KEY2HANDLE
  -------         PROC          APP_KEY3HANDLE
  C:1FB4H         LINE#         403
  C:1FB4H         LINE#         404
  -------         ENDPROC       APP_KEY3HANDLE
  -------         PROC          APP_KEY4HANDLE
  C:1E79H         LINE#         421
  C:1E79H         LINE#         436
  C:1E7FH         LINE#         437
  C:1E84H         LINE#         441
  C:1E8AH         LINE#         442
  C:1E91H         LINE#         443
  C:1E91H         LINE#         445
  -------         ENDPROC       APP_KEY4HANDLE
  -------         PROC          APP_KEY5HANDLE
  C:1FB7H         LINE#         460
  C:1FB7H         LINE#         461
  -------         ENDPROC       APP_KEY5HANDLE
  -------         PROC          _SYSTEM_SEND_MESSAGE
  D:0004H         SYMBOL        cont
  -------         DO            
  D:000AH         SYMBOL        TX_Buf
  -------         ENDDO         
  C:1BE7H         LINE#         466
  C:1BEBH         LINE#         468
  C:1BEEH         LINE#         469
  C:1BF1H         LINE#         470
  C:1BF4H         LINE#         471
  C:1BF7H         LINE#         472
  C:1C01H         LINE#         474
  C:1C04H         LINE#         475
  C:1C07H         LINE#         476
  C:1C18H         LINE#         477
  C:1C1BH         LINE#         478
BL51 BANKED LINKER/LOCATER V6.22.2.0                                                  08/28/2018  20:30:13  PAGE 22


  -------         ENDPROC       _SYSTEM_SEND_MESSAGE
  -------         PROC          KEY_SCAN
  C:0B7DH         LINE#         493
  C:0B7DH         LINE#         494
  C:0B87H         LINE#         495
  C:0B87H         LINE#         496
  C:0B8AH         LINE#         497
  C:0B92H         LINE#         498
  C:0BAFH         LINE#         499
  C:0BAFH         LINE#         500
  C:0BBAH         LINE#         501
  C:0BBDH         LINE#         502
  C:0BC0H         LINE#         503
  C:0BC3H         LINE#         504
  C:0BC3H         LINE#         505
  C:0BC6H         LINE#         506
  C:0BC6H         LINE#         508
  C:0BC6H         LINE#         509
  C:0BD1H         LINE#         510
  C:0BD4H         LINE#         512
  C:0BD7H         LINE#         513
  C:0BD7H         LINE#         514
  C:0BDAH         LINE#         515
  C:0BDAH         LINE#         517
  C:0BDAH         LINE#         518
  C:0BE5H         LINE#         519
  C:0BE8H         LINE#         521
  C:0BEBH         LINE#         523
  C:0BEBH         LINE#         524
  C:0BEEH         LINE#         525
  C:0BEEH         LINE#         527
  C:0BEEH         LINE#         528
  C:0BF9H         LINE#         529
  C:0BFCH         LINE#         530
  C:0BFFH         LINE#         531
  C:0BFFH         LINE#         532
  C:0C02H         LINE#         533
  C:0C02H         LINE#         535
  C:0C02H         LINE#         536
  C:0C0DH         LINE#         537
  C:0C10H         LINE#         538
  C:0C13H         LINE#         539
  C:0C13H         LINE#         540
  C:0C16H         LINE#         541
  C:0C16H         LINE#         543
  C:0C16H         LINE#         544
  C:0C21H         LINE#         545
  C:0C24H         LINE#         547
  C:0C2DH         LINE#         548
  C:0C32H         LINE#         549
  C:0C36H         LINE#         550
  C:0C36H         LINE#         551
  C:0C39H         LINE#         552
  C:0C48H         LINE#         553
  C:0C48H         LINE#         554
  C:0C48H         LINE#         555
  C:0C50H         LINE#         556
BL51 BANKED LINKER/LOCATER V6.22.2.0                                                  08/28/2018  20:30:13  PAGE 23


  C:0C53H         LINE#         557
  C:0C58H         LINE#         558
  C:0C5CH         LINE#         559
  C:0C5CH         LINE#         560
  C:0C5EH         LINE#         561
  C:0C5EH         LINE#         562
  C:0C66H         LINE#         563
  C:0C69H         LINE#         564
  C:0C6DH         LINE#         565
  C:0C74H         LINE#         566
  C:0C74H         LINE#         567
  C:0C76H         LINE#         568
  C:0C76H         LINE#         574
  C:0C76H         LINE#         575
  C:0C7BH         LINE#         576
  C:0C7FH         LINE#         577
  C:0C83H         LINE#         578
  C:0C85H         LINE#         579
  C:0C85H         LINE#         580
  C:0C85H         LINE#         581
  C:0C85H         LINE#         582
  C:0C88H         LINE#         583
  C:0C8FH         LINE#         584
  C:0C8FH         LINE#         587
  C:0C8FH         LINE#         588
  C:0C91H         LINE#         589
  C:0C91H         LINE#         591
  C:0C91H         LINE#         592
  C:0C97H         LINE#         593
  C:0C99H         LINE#         594
  C:0C9CH         LINE#         595
  C:0C9EH         LINE#         596
  C:0CA2H         LINE#         597
  C:0CA4H         LINE#         598
  C:0CA6H         LINE#         599
  C:0CA8H         LINE#         600
  C:0CAAH         LINE#         601
  C:0CACH         LINE#         602
  C:0CB3H         LINE#         603
  C:0CB6H         LINE#         604
  C:0CB9H         LINE#         605
  C:0CBDH         LINE#         606
  C:0CCDH         LINE#         607
  C:0CD2H         LINE#         608
  C:0CD8H         LINE#         609
  C:0CDCH         LINE#         610
  C:0CE1H         LINE#         611
  C:0CE1H         LINE#         612
  C:0CE1H         LINE#         613
  C:0CE1H         LINE#         614
  C:0CE1H         LINE#         615
  C:0CE1H         LINE#         616
  C:0CE4H         LINE#         617
  C:0CE4H         LINE#         618
  -------         ENDPROC       KEY_SCAN
  -------         PROC          APP_INIT
  -------         DO            
BL51 BANKED LINKER/LOCATER V6.22.2.0                                                  08/28/2018  20:30:13  PAGE 24


  D:0008H         SYMBOL        i
  -------         ENDDO         
  C:1515H         LINE#         633
  C:1515H         LINE#         635
  C:1518H         LINE#         636
  C:151BH         LINE#         637
  C:151EH         LINE#         638
  C:1523H         LINE#         640
  C:1526H         LINE#         641
  C:1529H         LINE#         642
  C:152EH         LINE#         643
  C:154CH         LINE#         644
  C:1550H         LINE#         645
  C:155DH         LINE#         646
  C:156AH         LINE#         647
  C:156AH         LINE#         648
  C:1577H         LINE#         649
  C:158AH         LINE#         650
  C:158DH         LINE#         651
  C:1595H         LINE#         652
  C:15A5H         LINE#         653
  C:15A8H         LINE#         654
  C:15AEH         LINE#         655
  C:15B2H         LINE#         656
  C:15B4H         LINE#         657
  -------         ENDPROC       APP_INIT
  -------         PROC          APP_HANDLE
  -------         DO            
  D:0008H         SYMBOL        SentData
  -------         ENDDO         
  C:005EH         LINE#         672
  C:005EH         LINE#         674
  C:0061H         LINE#         679
  C:0064H         LINE#         684
  C:006AH         LINE#         685
  C:0081H         LINE#         687
  C:00A9H         LINE#         688
  C:00A9H         LINE#         689
  C:00B4H         LINE#         690
  C:00B7H         LINE#         693
  C:00BAH         LINE#         694
  C:00BAH         LINE#         695
  C:00BDH         LINE#         696
  C:00BDH         LINE#         698
  C:00BDH         LINE#         699
  C:00C8H         LINE#         700
  C:00CBH         LINE#         701
  C:00CEH         LINE#         702
  C:00CEH         LINE#         703
  C:00D1H         LINE#         704
  C:00D1H         LINE#         706
  C:00D1H         LINE#         707
  C:00DCH         LINE#         708
  C:00DFH         LINE#         711
  C:00E8H         LINE#         712
  C:00EDH         LINE#         713
  C:00F1H         LINE#         714
BL51 BANKED LINKER/LOCATER V6.22.2.0                                                  08/28/2018  20:30:13  PAGE 25


  C:00F1H         LINE#         715
  C:00F4H         LINE#         716
  C:0103H         LINE#         717
  C:0103H         LINE#         718
  C:0103H         LINE#         719
  C:010BH         LINE#         720
  C:010EH         LINE#         721
  C:0113H         LINE#         722
  C:0117H         LINE#         723
  C:0117H         LINE#         724
  C:0119H         LINE#         725
  C:0119H         LINE#         726
  C:0121H         LINE#         727
  C:0124H         LINE#         728
  C:0128H         LINE#         729
  C:012FH         LINE#         730
  C:012FH         LINE#         731
  C:0131H         LINE#         732
  C:0131H         LINE#         738
  C:0131H         LINE#         739
  C:0136H         LINE#         740
  C:013AH         LINE#         741
  C:013EH         LINE#         742
  C:0140H         LINE#         743
  C:0140H         LINE#         744
  C:0140H         LINE#         745
  C:0140H         LINE#         746
  C:0143H         LINE#         747
  C:014AH         LINE#         748
  C:014AH         LINE#         751
  C:014AH         LINE#         752
  C:014DH         LINE#         753
  C:014DH         LINE#         755
  C:014DH         LINE#         756
  C:0155H         LINE#         757
  C:0158H         LINE#         758
  C:015AH         LINE#         759
  C:015CH         LINE#         761
  C:015CH         LINE#         762
  C:015EH         LINE#         763
  C:015EH         LINE#         765
  C:015EH         LINE#         766
  C:0166H         LINE#         767
  C:0169H         LINE#         769
  C:016CH         LINE#         770
  C:016CH         LINE#         771
  C:016EH         LINE#         772
  C:016EH         LINE#         774
  C:016EH         LINE#         775
  C:0176H         LINE#         776
  C:0179H         LINE#         778
  C:017CH         LINE#         779
  C:017CH         LINE#         780
  C:017EH         LINE#         781
  C:017EH         LINE#         782
  C:017EH         LINE#         783
  C:0184H         LINE#         784
BL51 BANKED LINKER/LOCATER V6.22.2.0                                                  08/28/2018  20:30:13  PAGE 26


  C:0186H         LINE#         785
  C:0189H         LINE#         786
  C:018BH         LINE#         787
  C:018FH         LINE#         788
  C:0191H         LINE#         789
  C:0193H         LINE#         790
  C:0195H         LINE#         791
  C:0197H         LINE#         792
  C:0199H         LINE#         793
  C:01A0H         LINE#         794
  C:01A3H         LINE#         795
  C:01A6H         LINE#         796
  C:01AAH         LINE#         797
  C:01BAH         LINE#         798
  C:01BFH         LINE#         799
  C:01C5H         LINE#         800
  C:01C9H         LINE#         801
  C:01CEH         LINE#         802
  C:01CEH         LINE#         803
  C:01CEH         LINE#         804
  C:01CEH         LINE#         805
  C:01CEH         LINE#         806
  C:01CEH         LINE#         807
  C:01CEH         LINE#         823
  C:01DAH         LINE#         824
  C:01DAH         LINE#         825
  C:01DAH         LINE#         826
  C:01E0H         LINE#         827
  C:01E0H         LINE#         828
  C:01E3H         LINE#         829
  C:01E3H         LINE#         830
  C:01E5H         LINE#         831
  C:01E5H         LINE#         832
  C:01EBH         LINE#         833
  C:01EBH         LINE#         834
  C:01EEH         LINE#         835
  C:01F1H         LINE#         836
  C:01F3H         LINE#         837
  C:01F7H         LINE#         838
  C:01F7H         LINE#         839
  C:0202H         LINE#         840
  C:0202H         LINE#         841
  C:0205H         LINE#         842
  C:020AH         LINE#         843
  C:0210H         LINE#         844
  C:0212H         LINE#         845
  C:0214H         LINE#         846
  C:0219H         LINE#         847
  C:0219H         LINE#         848
  C:021CH         LINE#         849
  C:021CH         LINE#         851
  C:021EH         LINE#         852
  C:021EH         LINE#         853
  C:0224H         LINE#         854
  C:0224H         LINE#         855
  C:0226H         LINE#         856
  C:0228H         LINE#         857
BL51 BANKED LINKER/LOCATER V6.22.2.0                                                  08/28/2018  20:30:13  PAGE 27


  C:0228H         LINE#         858
  C:0228H         LINE#         859
  C:0228H         LINE#         860
  C:0228H         LINE#         861
  C:0228H         LINE#         866
  C:022EH         LINE#         867
  C:0242H         LINE#         868
  C:0247H         LINE#         869
  C:024DH         LINE#         870
  C:024DH         LINE#         875
  C:0256H         LINE#         876
  C:025BH         LINE#         877
  C:025CH         LINE#         882
  C:0264H         LINE#         883
  C:0267H         LINE#         884
  C:026AH         LINE#         885
  C:0272H         LINE#         886
  C:0275H         LINE#         887
  C:0278H         LINE#         888
  C:0278H         LINE#         895
  C:0282H         LINE#         896
  C:0285H         LINE#         897
  C:0288H         LINE#         898
  C:028BH         LINE#         899
  C:0295H         LINE#         900
  C:0298H         LINE#         901
  C:029BH         LINE#         902
  C:029EH         LINE#         903
  C:02A8H         LINE#         904
  C:02ABH         LINE#         905
  C:02AEH         LINE#         906
  C:02B1H         LINE#         907
  C:02B1H         LINE#         908
  C:02BBH         LINE#         909
  C:02BEH         LINE#         910
  C:02C1H         LINE#         911
  C:02C4H         LINE#         912
  C:02CEH         LINE#         913
  C:02D1H         LINE#         914
  C:02D4H         LINE#         915
  C:02D7H         LINE#         916
  C:02E1H         LINE#         917
  C:02E4H         LINE#         918
  C:02E7H         LINE#         919
  C:02EAH         LINE#         920
  C:02EAH         LINE#         925
  C:02F2H         LINE#         926
  C:02F5H         LINE#         927
  C:02F8H         LINE#         928
  C:02FBH         LINE#         929
  C:0305H         LINE#         930
  C:0308H         LINE#         931
  C:030BH         LINE#         932
  C:030EH         LINE#         933
  C:0310H         LINE#         934
  C:0313H         LINE#         935
  C:0316H         LINE#         936
BL51 BANKED LINKER/LOCATER V6.22.2.0                                                  08/28/2018  20:30:13  PAGE 28


  C:0319H         LINE#         937
  C:0319H         LINE#         968
  C:0323H         LINE#         969
  C:0329H         LINE#         970
  C:0329H         LINE#         975
  C:032FH         LINE#         976
  C:0331H         LINE#         977
  C:0335H         LINE#         978
  C:0340H         LINE#         979
  C:0340H         LINE#         984
  C:0357H         LINE#         985
  C:0358H         LINE#         986
  C:035DH         LINE#         987
  C:035FH         LINE#         988
  C:0361H         LINE#         989
  C:0364H         LINE#         990
  C:0367H         LINE#         991
  C:036BH         LINE#         992
  C:036DH         LINE#         993
  C:036FH         LINE#         994
  C:0375H         LINE#         995
  C:0378H         LINE#         996
  C:037AH         LINE#         997
  C:037DH         LINE#         998
  C:037DH         LINE#         999
  C:0385H         LINE#         1001
  C:0395H         LINE#         1002
  C:0395H         LINE#         1004
  C:03ACH         LINE#         1005
  C:03ADH         LINE#         1006
  C:03B2H         LINE#         1007
  C:03B4H         LINE#         1008
  C:03B6H         LINE#         1009
  C:03B9H         LINE#         1010
  C:03BCH         LINE#         1011
  C:03C0H         LINE#         1012
  C:03C2H         LINE#         1013
  C:03C4H         LINE#         1014
  C:03CAH         LINE#         1015
  C:03CDH         LINE#         1016
  C:03CFH         LINE#         1017
  C:03D2H         LINE#         1018
  C:03D2H         LINE#         1019
  C:03DAH         LINE#         1021
  C:03EAH         LINE#         1022
  C:03EAH         LINE#         1045
  C:03FFH         LINE#         1046
  C:0402H         LINE#         1047
  C:0404H         LINE#         1048
  C:0408H         LINE#         1049
  C:040AH         LINE#         1050
  C:040CH         LINE#         1051
  C:040EH         LINE#         1052
  C:0412H         LINE#         1053
  C:0416H         LINE#         1054
  C:041BH         LINE#         1055
  C:041FH         LINE#         1056
BL51 BANKED LINKER/LOCATER V6.22.2.0                                                  08/28/2018  20:30:13  PAGE 29


  C:0423H         LINE#         1057
  C:0427H         LINE#         1058
  C:0429H         LINE#         1059
  C:0433H         LINE#         1060
  C:0435H         LINE#         1061
  C:0438H         LINE#         1062
  C:043AH         LINE#         1063
  C:043FH         LINE#         1064
  C:0440H         LINE#         1065
  C:0443H         LINE#         1066
  C:0446H         LINE#         1067
  C:0449H         LINE#         1068
  C:044CH         LINE#         1069
  C:044FH         LINE#         1070
  C:0452H         LINE#         1071
  C:0454H         LINE#         1072
  C:0468H         LINE#         1073
  C:0468H         LINE#         1074
  -------         ENDPROC       APP_HANDLE
  -------         PROC          BSP_UART1IQRHANDLE
  -------         DO            
  D:001DH         SYMBOL        crc
  -------         ENDDO         
  C:1B5AH         LINE#         1123
  C:1B67H         LINE#         1124
  C:1B6AH         LINE#         1126
  C:1B6FH         LINE#         1127
  C:1B72H         LINE#         1128
  C:1B84H         LINE#         1129
  C:1B87H         LINE#         1130
  C:1B8BH         LINE#         1132
  C:1B8BH         LINE#         1134
  C:1B99H         LINE#         1135
  C:1B99H         LINE#         1185
  -------         ENDPROC       BSP_UART1IQRHANDLE
  -------         PROC          BSP_TIMER0IQRHANDLE
  -------         DO            
  D:002DH         SYMBOL        base_time
  -------         ENDDO         
  C:0CE5H         LINE#         1188
  C:0D02H         LINE#         1190
  C:0D05H         LINE#         1191
  C:0D08H         LINE#         1192
  C:0D0BH         LINE#         1193
  C:0D0FH         LINE#         1194
  C:0D0FH         LINE#         1195
  C:0D17H         LINE#         1196
  C:0D17H         LINE#         1198
  C:0D2DH         LINE#         1199
  C:0D33H         LINE#         1200
  C:0D39H         LINE#         1201
  C:0D4EH         LINE#         1202
  C:0D53H         LINE#         1204
  C:0D53H         LINE#         1205
  C:0D53H         LINE#         1207
  C:0D59H         LINE#         1208
  C:0D6EH         LINE#         1209
BL51 BANKED LINKER/LOCATER V6.22.2.0                                                  08/28/2018  20:30:13  PAGE 30


  C:0D73H         LINE#         1210
  C:0D73H         LINE#         1211
  C:0D73H         LINE#         1213
  C:0D79H         LINE#         1214
  C:0D8EH         LINE#         1215
  C:0D93H         LINE#         1216
  C:0D93H         LINE#         1217
  C:0D93H         LINE#         1219
  C:0D99H         LINE#         1220
  C:0D99H         LINE#         1221
  C:0DAEH         LINE#         1222
  C:0DB3H         LINE#         1223
  C:0DB3H         LINE#         1224
  C:0DB3H         LINE#         1226
  C:0DB9H         LINE#         1227
  C:0DB9H         LINE#         1228
  C:0DCEH         LINE#         1229
  C:0DCEH         LINE#         1230
  C:0DD3H         LINE#         1231
  C:0DD3H         LINE#         1232
  C:0DD3H         LINE#         1234
  C:0DD3H         LINE#         1236
  C:0DD9H         LINE#         1237
  C:0DEAH         LINE#         1238
  C:0DEEH         LINE#         1239
  C:0DEEH         LINE#         1240
  C:0DEEH         LINE#         1242
  C:0DF4H         LINE#         1243
  C:0E08H         LINE#         1244
  C:0E0EH         LINE#         1245
  C:0E0EH         LINE#         1246
  C:0E0EH         LINE#         1247
  -------         ENDPROC       BSP_TIMER0IQRHANDLE
  -------         ENDMOD        APP

  -------         MODULE        S_TOUCHKEYCFG
  C:0000H         SYMBOL        _ICE_DUMMY_
  X:0000H         PUBLIC        ConfirmTouchCnt
  X:0001H         PUBLIC        BaseLine
  C:1D49H         PUBLIC        TouchKeyCFGInit
  C:1F29H         PUBLIC        _GetBaseLineAdjustValue
  X:000DH         PUBLIC        FloatAreaCnt
  B:00D0H.7       PUBLIC        TK_CY
  C:1CABH         PUBLIC        _GetCurrFingerValue
  C:1FBAH         PUBLIC        GetCsFunction
  X:0013H         PUBLIC        CurrentChannel
  X:0019H         PUBLIC        RawData
  C:1F9AH         PUBLIC        IsDoubleKeyOrSlideKey
  X:0025H         PUBLIC        TouchCnt
  X:002BH         PUBLIC        LowFingerDataCnt
  C:0E29H         PUBLIC        TouchKeyScan
  C:1F56H         PUBLIC        SetOneKeyPushResetTime
  C:1F17H         PUBLIC        _GetScanTimeValue
  C:1F76H         PUBLIC        GetTKYzCnt
  X:0031H         PUBLIC        DifferAccum
  X:003DH         PUBLIC        RestAreaCnt
  C:0046H         PUBLIC        _GetTKYzThreshold
BL51 BANKED LINKER/LOCATER V6.22.2.0                                                  08/28/2018  20:30:13  PAGE 31


  C:1A1EH         PUBLIC        CurrentSensorChoose
  C:1F92H         PUBLIC        GetInitAutoUpdateTime
  X:0043H         PUBLIC        MultipleLNum
  C:000EH         PUBLIC        _GetCfgMsg
  X:0045H         PUBLIC        SOCAPI_TouchKeyStatus
  C:1FA2H         PUBLIC        GetUpConfirmCnt
  X:0046H         PUBLIC        UpdateBaseLNum
  X:0048H         PUBLIC        SetNoiseThreshold
  C:1F61H         PUBLIC        GetBaselineUpdateThreshold
  X:0049H         PUBLIC        FilterData
  X:0055H         PUBLIC        NoTouchCnt
  X:005BH         PUBLIC        MultipleDealTpye
  C:1A93H         PUBLIC        TKChannelCfg
  C:1A71H         PUBLIC        TKCFG
  D:00D0H         PUBLIC        TK_PSW
  -------         PROC          SETONEKEYPUSHRESETTIME
  C:1F56H         LINE#         94
  C:1F56H         LINE#         95
  C:1F56H         LINE#         96
  C:1F60H         LINE#         97
  -------         ENDPROC       SETONEKEYPUSHRESETTIME
  -------         PROC          GETBASELINEUPDATETHRESHOLD
  C:1F61H         LINE#         105
  C:1F61H         LINE#         106
  C:1F61H         LINE#         107
  C:1F6BH         LINE#         108
  -------         ENDPROC       GETBASELINEUPDATETHRESHOLD
  -------         PROC          GETINITAUTOUPDATETIME
  C:1F92H         LINE#         117
  C:1F92H         LINE#         118
  C:1F92H         LINE#         119
  C:1F99H         LINE#         120
  -------         ENDPROC       GETINITAUTOUPDATETIME
  -------         PROC          GETCSFUNCTION
  C:1FBAH         LINE#         128
  C:1FBAH         LINE#         129
  C:1FBAH         LINE#         130
  C:1FBCH         LINE#         131
  -------         ENDPROC       GETCSFUNCTION
  -------         PROC          _GETCURRFINGERVALUE
  D:0005H         SYMBOL        i
  C:1CABH         LINE#         139
  C:1CADH         LINE#         140
  C:1CADH         LINE#         141
  C:1CD6H         LINE#         142
  -------         ENDPROC       _GETCURRFINGERVALUE
  -------         PROC          _GETSCANTIMEVALUE
  D:0007H         SYMBOL        i
  C:1F17H         LINE#         151
  C:1F17H         LINE#         152
  C:1F17H         LINE#         153
  C:1F28H         LINE#         154
  -------         ENDPROC       _GETSCANTIMEVALUE
  -------         PROC          ISDOUBLEKEYORSLIDEKEY
  C:1F9AH         LINE#         162
  C:1F9AH         LINE#         163
  C:1F9AH         LINE#         164
BL51 BANKED LINKER/LOCATER V6.22.2.0                                                  08/28/2018  20:30:13  PAGE 32


  C:1FA1H         LINE#         165
  -------         ENDPROC       ISDOUBLEKEYORSLIDEKEY
  -------         PROC          _GETBASELINEADJUSTVALUE
  D:0007H         SYMBOL        i
  C:1F29H         LINE#         174
  C:1F29H         LINE#         175
  C:1F29H         LINE#         176
  C:1F3AH         LINE#         177
  -------         ENDPROC       _GETBASELINEADJUSTVALUE
  -------         PROC          GETUPCONFIRMCNT
  C:1FA2H         LINE#         185
  C:1FA2H         LINE#         186
  C:1FA2H         LINE#         187
  C:1FA9H         LINE#         188
  -------         ENDPROC       GETUPCONFIRMCNT
  -------         PROC          GETTKYZCNT
  C:1F76H         LINE#         197
  C:1F76H         LINE#         198
  C:1F76H         LINE#         199
  C:1F7FH         LINE#         200
  -------         ENDPROC       GETTKYZCNT
  -------         PROC          _GETTKYZTHRESHOLD
  D:0007H         SYMBOL        i
  -------         DO            
  D:0006H         SYMBOL        SetFingerThresholdtmp
  -------         ENDDO         
  C:0046H         LINE#         209
  C:0046H         LINE#         210
  C:0046H         LINE#         213
  C:0049H         LINE#         214
  -------         ENDPROC       _GETTKYZTHRESHOLD
  -------         PROC          CURRENTSENSORCHOOSE
  -------         DO            
  D:0003H         SYMBOL        i
  D:0002H         SYMBOL        Ctk_Channel_mark
  D:000AH         SYMBOL        CurrentSensorKey
  -------         ENDDO         
  C:1A1EH         LINE#         225
  C:1A1EH         LINE#         226
  C:1A1EH         LINE#         227
  C:1A20H         LINE#         228
  C:1A21H         LINE#         229
  C:1A29H         LINE#         231
  C:1A32H         LINE#         233
  C:1A3CH         LINE#         234
  C:1A3CH         LINE#         235
  C:1A51H         LINE#         236
  C:1A54H         LINE#         237
  C:1A54H         LINE#         238
  C:1A60H         LINE#         239
  C:1A61H         LINE#         240
  C:1A6BH         LINE#         241
  C:1A6BH         LINE#         242
  C:1A6BH         LINE#         243
  C:1A6EH         LINE#         244
  C:1A70H         LINE#         245
  -------         ENDPROC       CURRENTSENSORCHOOSE
BL51 BANKED LINKER/LOCATER V6.22.2.0                                                  08/28/2018  20:30:13  PAGE 33


  -------         PROC          _GETCFGMSG
  D:0007H         SYMBOL        i
  C:000EH         LINE#         254
  C:000EH         LINE#         255
  C:000EH         LINE#         256
  C:001FH         LINE#         257
  C:001FH         LINE#         258
  C:0024H         LINE#         259
  C:0029H         LINE#         260
  C:002CH         LINE#         261
  C:0030H         LINE#         262
  C:0038H         LINE#         263
  C:003AH         LINE#         264
  C:003AH         LINE#         265
  -------         ENDPROC       _GETCFGMSG
  -------         PROC          TOUCHKEYCFGINIT
  C:1D49H         LINE#         274
  C:1D49H         LINE#         275
  C:1D49H         LINE#         276
  C:1D53H         LINE#         277
  C:1D5DH         LINE#         278
  C:1D60H         LINE#         279
  C:1D67H         LINE#         280
  -------         ENDPROC       TOUCHKEYCFGINIT
  -------         PROC          TOUCHKEYSCAN
  -------         DO            
  D:0003H         SYMBOL        t
  D:000AH         SYMBOL        MultipleCnt
  D:000BH         SYMBOL        Keyvalue
  D:000FH         SYMBOL        KeyData
  -------         ENDDO         
  C:0E29H         LINE#         292
  C:0E29H         LINE#         293
  C:0E29H         LINE#         295
  C:0E2CH         LINE#         296
  C:0E34H         LINE#         297
  C:0E3CH         LINE#         299
  C:0E44H         LINE#         300
  C:0E44H         LINE#         301
  C:0E4FH         LINE#         302
  C:0E57H         LINE#         303
  C:0E57H         LINE#         304
  C:0E6CH         LINE#         305
  C:0E6FH         LINE#         306
  C:0E6FH         LINE#         307
  C:0E99H         LINE#         308
  C:0E9BH         LINE#         309
  C:0E9BH         LINE#         310
  C:0E9EH         LINE#         311
  C:0EACH         LINE#         312
  C:0EACH         LINE#         313
  C:0EAEH         LINE#         314
  C:0EB7H         LINE#         315
  C:0EB7H         LINE#         316
  C:0EBAH         LINE#         317
  C:0EBCH         LINE#         319
  C:0EBCH         LINE#         320
BL51 BANKED LINKER/LOCATER V6.22.2.0                                                  08/28/2018  20:30:13  PAGE 34


  C:0EC2H         LINE#         321
  C:0EC2H         LINE#         322
  C:0EC4H         LINE#         323
  C:0EC4H         LINE#         324
  C:0EC4H         LINE#         325
  C:0EC4H         LINE#         327
  C:0EC7H         LINE#         328
  C:0EC7H         LINE#         329
  C:0EDAH         LINE#         330
  C:0EDAH         LINE#         331
  C:0EE8H         LINE#         332
  C:0EEAH         LINE#         334
  C:0EEAH         LINE#         335
  C:0EF1H         LINE#         336
  C:0EF1H         LINE#         337
  C:0EF3H         LINE#         339
  C:0EF3H         LINE#         341
  C:0F01H         LINE#         342
  C:0F0AH         LINE#         343
  C:0F0AH         LINE#         345
  C:0F1AH         LINE#         346
  C:0F1AH         LINE#         347
  C:0F1DH         LINE#         348
  C:0F24H         LINE#         349
  C:0F24H         LINE#         351
  C:0F33H         LINE#         352
  C:0F33H         LINE#         353
  C:0F36H         LINE#         354
  C:0F3CH         LINE#         355
  C:0F43H         LINE#         356
  C:0F43H         LINE#         357
  C:0F45H         LINE#         359
  C:0F45H         LINE#         360
[...]
  -------         PROC          FILTERAVERGEDEAL
  -------         DO            
  D:000AH         SYMBOL        t
  D:000BH         SYMBOL        i
  -------         ENDDO         
  C:1C1CH         LINE#         233
  C:1C1CH         LINE#         234
  C:1C1CH         LINE#         237
  C:1C1FH         LINE#         239
  C:1C1FH         LINE#         240
  C:1C22H         LINE#         241
  C:1C29H         LINE#         242
  C:1C2CH         LINE#         244
  C:1C31H         LINE#         246
  C:1C31H         LINE#         247
  C:1C34H         LINE#         248
  C:1C3EH         LINE#         249
  C:1C3EH         LINE#         250
  C:1C43H         LINE#         251
BL51 BANKED LINKER/LOCATER V6.22.2.0                                                  08/28/2018  20:30:13  PAGE 38


  C:1C47H         LINE#         252
  C:1C4EH         LINE#         253
  -------         ENDPROC       FILTERAVERGEDEAL
  -------         PROC          INITIALIZEBASELINES
  -------         DO            
  D:0007H         SYMBOL        i
  -------         ENDDO         
  C:1DF8H         LINE#         262
  C:1DF8H         LINE#         263
  C:1DF8H         LINE#         265
  C:1E00H         LINE#         266
  C:1E00H         LINE#         267
  C:1E0FH         LINE#         268
  C:1E12H         LINE#         269
  -------         ENDPROC       INITIALIZEBASELINES
  -------         PROC          SENSORKEYFLAG
  -------         DO            
  D:0013H         SYMBOL        i
  -------         ENDDO         
  C:1D24H         LINE#         278
  C:1D24H         LINE#         279
  C:1D24H         LINE#         282
  C:1D29H         LINE#         283
  C:1D32H         LINE#         284
  C:1D32H         LINE#         285
  C:1D37H         LINE#         286
  C:1D3CH         LINE#         287
  C:1D40H         LINE#         288
  C:1D48H         LINE#         289
  -------         ENDPROC       SENSORKEYFLAG
  -------         PROC          _SENSORRENOVATE
  D:0014H         SYMBOL        i
  -------         DO            
  D:0015H         SYMBOL        differData
  D:0017H         SYMBOL        result
  D:0018H         SYMBOL        j
  D:0019H         SYMBOL        RealConfirmTouchCnt
  D:001AH         SYMBOL        SetFingerThresholdtmp
  D:001CH         SYMBOL        testcount
  -------         ENDDO         
  C:0469H         LINE#         298
  C:046BH         LINE#         299
  C:046BH         LINE#         305
  C:046EH         LINE#         307
  C:0486H         LINE#         310
  C:049BH         LINE#         312
  C:04A4H         LINE#         314
  C:04B0H         LINE#         315
  C:04B0H         LINE#         316
  C:04B3H         LINE#         317
  C:04B5H         LINE#         319
  C:04B5H         LINE#         320
  C:04B8H         LINE#         321
  C:04B8H         LINE#         324
  C:04C1H         LINE#         325
  C:04C1H         LINE#         326
  C:04CEH         LINE#         327
BL51 BANKED LINKER/LOCATER V6.22.2.0                                                  08/28/2018  20:30:13  PAGE 39


  C:04CEH         LINE#         328
  C:04D8H         LINE#         329
  C:04D8H         LINE#         331
  C:04E9H         LINE#         332
  C:04E9H         LINE#         333
  C:04EFH         LINE#         334
  C:04F5H         LINE#         335
  C:04F5H         LINE#         336
  C:04F8H         LINE#         337
  C:0501H         LINE#         338
  C:0501H         LINE#         339
  C:050AH         LINE#         340
  C:050CH         LINE#         341
  C:0510H         LINE#         342
  C:0517H         LINE#         343
  C:0517H         LINE#         344
  C:051DH         LINE#         345
  C:051DH         LINE#         346
  C:051DH         LINE#         347
  C:052DH         LINE#         348
  C:052DH         LINE#         349
  C:0530H         LINE#         351
  C:0536H         LINE#         352
  C:0536H         LINE#         353
  C:053FH         LINE#         354
  C:053FH         LINE#         355
  C:0545H         LINE#         356
  C:0545H         LINE#         357
  C:0550H         LINE#         358
  C:0550H         LINE#         359
  C:0553H         LINE#         360
  C:0555H         LINE#         361
  C:0555H         LINE#         362
  C:0555H         LINE#         363
  C:0559H         LINE#         364
  C:055FH         LINE#         365
  C:055FH         LINE#         366
  C:0563H         LINE#         367
  C:0563H         LINE#         368
  C:056CH         LINE#         369
  C:056CH         LINE#         370
  C:0572H         LINE#         371
  C:0572H         LINE#         372
  C:0581H         LINE#         373
  C:0581H         LINE#         374
  C:0581H         LINE#         375
  C:0583H         LINE#         376
  C:0583H         LINE#         377
  C:0583H         LINE#         378
  C:0587H         LINE#         379
  C:0587H         LINE#         380
  C:0587H         LINE#         381
  C:0587H         LINE#         383
  C:0587H         LINE#         384
  C:058DH         LINE#         385
  C:058DH         LINE#         386
  C:058FH         LINE#         387
BL51 BANKED LINKER/LOCATER V6.22.2.0                                                  08/28/2018  20:30:13  PAGE 40


  C:0598H         LINE#         388
  C:0598H         LINE#         389
  C:05A1H         LINE#         390
  C:05A1H         LINE#         391
  C:05A3H         LINE#         392
  C:05A3H         LINE#         393
  C:05A7H         LINE#         394
  C:05AEH         LINE#         395
  C:05AEH         LINE#         396
  C:05B1H         LINE#         397
  C:05B1H         LINE#         398
  C:05B1H         LINE#         399
  C:05B1H         LINE#         401
  C:05B6H         LINE#         402
  C:05B6H         LINE#         403
  C:05B8H         LINE#         404
  C:05B8H         LINE#         405
  C:05D3H         LINE#         406
  C:05D3H         LINE#         407
  C:05D3H         LINE#         410
  C:05D8H         LINE#         411
  C:05DDH         LINE#         412
  C:05E4H         LINE#         413
  C:05EDH         LINE#         414
  C:05F0H         LINE#         417
  C:05F0H         LINE#         418
  C:05FAH         LINE#         419
  C:05FAH         LINE#         420
  C:05FAH         LINE#         421
  C:05FAH         LINE#         422
  C:0600H         LINE#         423
  C:0600H         LINE#         424
  C:0602H         LINE#         426
  C:0602H         LINE#         427
  C:0608H         LINE#         428
  C:060DH         LINE#         429
  C:060DH         LINE#         431
  C:0626H         LINE#         432
  C:0626H         LINE#         433
  C:062AH         LINE#         434
  C:062DH         LINE#         435
  C:0635H         LINE#         436
  C:0635H         LINE#         437
  C:0640H         LINE#         438
  C:0650H         LINE#         439
  C:0650H         LINE#         440
  C:0657H         LINE#         441
  C:0657H         LINE#         442
  C:0659H         LINE#         443
  C:0673H         LINE#         444
  C:0673H         LINE#         445
  C:067DH         LINE#         446
  C:0684H         LINE#         447
  C:0684H         LINE#         448
  C:0684H         LINE#         449
  C:0687H         LINE#         450
  C:06A2H         LINE#         451
BL51 BANKED LINKER/LOCATER V6.22.2.0                                                  08/28/2018  20:30:13  PAGE 41


  C:06A2H         LINE#         452
  C:06A5H         LINE#         453
  C:06AAH         LINE#         454
  C:06B7H         LINE#         455
  C:06B7H         LINE#         457
  C:06BDH         LINE#         458
  C:06BDH         LINE#         459
  C:06C2H         LINE#         460
  C:06C4H         LINE#         461
  C:06C9H         LINE#         462
  C:06CBH         LINE#         464
  C:06CBH         LINE#         465
  C:06EBH         LINE#         466
  C:06EBH         LINE#         467
  C:06EBH         LINE#         468
  C:06F3H         LINE#         469
  C:06F3H         LINE#         470
  C:06F6H         LINE#         471
  C:06F6H         LINE#         472
  C:06F9H         LINE#         473
  C:0701H         LINE#         474
  C:0701H         LINE#         475
  C:0704H         LINE#         476
  C:0709H         LINE#         477
  C:0709H         LINE#         478
  C:070CH         LINE#         479
  C:0713H         LINE#         480
  C:0713H         LINE#         481
  C:0718H         LINE#         482
  C:0730H         LINE#         483
  C:0730H         LINE#         484
  C:0730H         LINE#         485
  C:0730H         LINE#         488
  C:073BH         LINE#         489
  C:073BH         LINE#         490
  C:0759H         LINE#         491
  C:0759H         LINE#         492
  C:075FH         LINE#         493
  C:0764H         LINE#         494
  C:076EH         LINE#         495
  C:076EH         LINE#         496
  C:0777H         LINE#         497
  C:0779H         LINE#         498
  C:077DH         LINE#         499
  C:0784H         LINE#         500
  C:0784H         LINE#         501
  C:078AH         LINE#         502
  C:078AH         LINE#         503
  C:0793H         LINE#         504
  C:0793H         LINE#         505
  C:0798H         LINE#         506
  C:07BAH         LINE#         507
  C:07C7H         LINE#         508
  C:07C7H         LINE#         509
  C:07C8H         LINE#         511
  C:07C8H         LINE#         512
  C:07CEH         LINE#         513
BL51 BANKED LINKER/LOCATER V6.22.2.0                                                  08/28/2018  20:30:13  PAGE 42


  C:07CEH         LINE#         514
  C:07CFH         LINE#         516
  C:07CFH         LINE#         517
  C:07D8H         LINE#         519
  C:07DFH         LINE#         520
  C:07DFH         LINE#         522
  C:07DFH         LINE#         524
  C:07E8H         LINE#         525
  C:07E8H         LINE#         527
  C:07E8H         LINE#         529
  C:07F2H         LINE#         530
  C:07F2H         LINE#         531
  C:07F8H         LINE#         532
  C:07F8H         LINE#         533
  C:07FBH         LINE#         534
  C:07FBH         LINE#         535
  C:07FFH         LINE#         536
  C:0803H         LINE#         537
  C:0803H         LINE#         538
  C:0805H         LINE#         539
  C:0805H         LINE#         540
  C:0805H         LINE#         542
  C:0805H         LINE#         543
  -------         ENDPROC       _SENSORRENOVATE
  -------         PROC          FILTERIIRINIT
  -------         DO            
  D:0007H         SYMBOL        i
  -------         ENDDO         
  C:1D68H         LINE#         551
  C:1D68H         LINE#         552
  C:1D68H         LINE#         554
  C:1D70H         LINE#         555
  C:1D70H         LINE#         556
  C:1D82H         LINE#         557
  C:1D85H         LINE#         558
  -------         ENDPROC       FILTERIIRINIT
  -------         PROC          _FILTERDATADEAL
  D:0015H         SYMBOL        i
  -------         DO            
  D:0016H         SYMBOL        FilterTemp
  D:0004H         SYMBOL        SetFingerThresholdtmp
  -------         ENDDO         
  C:13BAH         LINE#         567
  C:13BCH         LINE#         568
  C:13BCH         LINE#         572
  C:13C9H         LINE#         574
  C:13D2H         LINE#         576
  C:13E7H         LINE#         577
  C:13E7H         LINE#         578
  C:13EFH         LINE#         579
  C:13F2H         LINE#         580
  C:140BH         LINE#         581
  C:140BH         LINE#         582
  C:1430H         LINE#         583
  C:1432H         LINE#         585
  C:1432H         LINE#         586
  C:146AH         LINE#         587
BL51 BANKED LINKER/LOCATER V6.22.2.0                                                  08/28/2018  20:30:13  PAGE 43


  C:146AH         LINE#         589
  C:1474H         LINE#         590
  -------         ENDPROC       _FILTERDATADEAL
  -------         PROC          GETISNEEDUPDATEBASELINE
  C:1FC0H         LINE#         599
  C:1FC0H         LINE#         600
  C:1FC0H         LINE#         601
  C:1FC2H         LINE#         602
  -------         ENDPROC       GETISNEEDUPDATEBASELINE
  -------         PROC          SETNEEDUPDATEBASELINE
  C:1FC3H         LINE#         611
  C:1FC3H         LINE#         612
  C:1FC3H         LINE#         613
  C:1FC5H         LINE#         614
  -------         ENDPROC       SETNEEDUPDATEBASELINE
  -------         PROC          INITIALIZESENSORFLAG
  -------         DO            
  D:0007H         SYMBOL        i
  -------         ENDDO         
  C:1AC3H         LINE#         623
  C:1AC3H         LINE#         624
  C:1AC3H         LINE#         626
  C:1ACBH         LINE#         627
  C:1ACBH         LINE#         628
  C:1AD3H         LINE#         629
  C:1ADBH         LINE#         630
  C:1AE3H         LINE#         631
  C:1AEBH         LINE#         632
  C:1AF3H         LINE#         633
  C:1AF6H         LINE#         635
  C:1AFFH         LINE#         636
  C:1B05H         LINE#         637
  C:1B0CH         LINE#         638
  C:1B0EH         LINE#         639
  -------         ENDPROC       INITIALIZESENSORFLAG
  -------         PROC          _MULTIPLEDEAL
  D:0013H         SYMBOL        CycleCnt
  -------         DO            
  X:0096H         SYMBOL        InitSensorCnt
  D:0004H         SYMBOL        FilterTemp
  D:0014H         SYMBOL        t
  -------         ENDDO         
  C:1079H         LINE#         648
  C:107BH         LINE#         649
  C:107BH         LINE#         655
  C:1084H         LINE#         656
  C:1084H         LINE#         657
  C:1086H         LINE#         658
  C:108CH         LINE#         659
  C:108CH         LINE#         660
  C:1095H         LINE#         661
  C:1095H         LINE#         662
  C:10AAH         LINE#         663
  C:10AEH         LINE#         664
  C:10AEH         LINE#         665
  C:10B1H         LINE#         666
  C:10B3H         LINE#         667
BL51 BANKED LINKER/LOCATER V6.22.2.0                                                  08/28/2018  20:30:13  PAGE 44


  C:10B9H         LINE#         669
  C:10B9H         LINE#         671
  C:10BFH         LINE#         672
  C:10C3H         LINE#         673
  C:10C3H         LINE#         674
  C:10C6H         LINE#         675
  C:10CBH         LINE#         676
  C:10CBH         LINE#         678
  C:10D7H         LINE#         679
  C:10D7H         LINE#         680
  C:10E1H         LINE#         681
  C:10E1H         LINE#         682
  C:10FAH         LINE#         683
  C:1100H         LINE#         684
  C:1100H         LINE#         685
  C:1127H         LINE#         686
  C:1129H         LINE#         689
  C:1129H         LINE#         690
  C:1151H         LINE#         691
  C:1151H         LINE#         692
  C:1151H         LINE#         693
  C:1156H         LINE#         694
  C:115BH         LINE#         696
  C:1160H         LINE#         697
  C:1160H         LINE#         698
  C:1166H         LINE#         699
  C:1166H         LINE#         701
  C:1173H         LINE#         702
  C:1173H         LINE#         703
  C:1175H         LINE#         704
  C:1177H         LINE#         705
  C:117DH         LINE#         706
  C:118AH         LINE#         707
  C:118AH         LINE#         708
  C:118FH         LINE#         709
  C:1192H         LINE#         710
  C:1195H         LINE#         711
  C:1197H         LINE#         712
  C:1197H         LINE#         713
  C:1197H         LINE#         714
  C:1197H         LINE#         715
  -------         ENDPROC       _MULTIPLEDEAL
  -------         ENDMOD        SENSORMETHOD

  -------         MODULE        ?C?COPY
  C:08D6H         PUBLIC        ?C?COPY
  -------         ENDMOD        ?C?COPY

  -------         MODULE        ?C?CLDPTR
  C:08FCH         PUBLIC        ?C?CLDPTR
  -------         ENDMOD        ?C?CLDPTR

  -------         MODULE        ?C?CSTPTR
  C:0915H         PUBLIC        ?C?CSTPTR
  -------         ENDMOD        ?C?CSTPTR

  -------         MODULE        ?C?IMUL
BL51 BANKED LINKER/LOCATER V6.22.2.0                                                  08/28/2018  20:30:13  PAGE 45


  C:0927H         PUBLIC        ?C?IMUL
  -------         ENDMOD        ?C?IMUL

  -------         MODULE        ?C?UIDIV
  C:0939H         PUBLIC        ?C?UIDIV
  -------         ENDMOD        ?C?UIDIV

  -------         MODULE        ?C?IILDX
  C:098EH         PUBLIC        ?C?IILDX
  -------         ENDMOD        ?C?IILDX

  -------         MODULE        ?C?ILDIX
  C:09A4H         PUBLIC        ?C?ILDIX
  -------         ENDMOD        ?C?ILDIX

  -------         MODULE        ?C?ILDPTR
  C:09BAH         PUBLIC        ?C?ILDPTR
  -------         ENDMOD        ?C?ILDPTR

  -------         MODULE        ?C?LNOT
  C:09E5H         PUBLIC        ?C?LNOT
  -------         ENDMOD        ?C?LNOT

  -------         MODULE        ?C?ULCMP
  C:09F2H         PUBLIC        ?C?ULCMP
  -------         ENDMOD        ?C?ULCMP

  -------         MODULE        ?C?ULSHR
  C:0A03H         PUBLIC        ?C?ULSHR
  -------         ENDMOD        ?C?ULSHR

  -------         MODULE        ?C?LSHL
  C:0A16H         PUBLIC        ?C?LSHL
  -------         ENDMOD        ?C?LSHL

  -------         MODULE        ?C?LLDOPTR
  C:0A29H         PUBLIC        ?C?LLDOPTR
  -------         ENDMOD        ?C?LLDOPTR

  -------         MODULE        ?C?LSTPTR
  C:0A59H         PUBLIC        ?C?LSTPTR
  -------         ENDMOD        ?C?LSTPTR

  -------         MODULE        ?C?LSTOPTR
  C:0A73H         PUBLIC        ?C?LSTOPTR
  -------         ENDMOD        ?C?LSTOPTR

  -------         MODULE        ?C?LLDPTR0
  C:0A97H         PUBLIC        ?C?LLDPTR0
  -------         ENDMOD        ?C?LLDPTR0

  -------         MODULE        ?C?OFFXADD
  C:0AB7H         PUBLIC        ?C?OFFXADD
  -------         ENDMOD        ?C?OFFXADD

  -------         MODULE        ?C?MEMSET
  C:0AC3H         PUBLIC        ?C?MEMSET
BL51 BANKED LINKER/LOCATER V6.22.2.0                                                  08/28/2018  20:30:13  PAGE 46


  -------         ENDMOD        ?C?MEMSET

  -------         MODULE        ?C?LLDIDATA
  C:0AEFH         PUBLIC        ?C?LLDIDATA
  -------         ENDMOD        ?C?LLDIDATA

  -------         MODULE        ?C?LLDXDATA
  C:0AFBH         PUBLIC        ?C?LLDXDATA
  -------         ENDMOD        ?C?LLDXDATA

  -------         MODULE        ?C?LLDPDATA
  C:0B07H         PUBLIC        ?C?LLDPDATA
  -------         ENDMOD        ?C?LLDPDATA

  -------         MODULE        ?C?LLDCODE
  C:0B13H         PUBLIC        ?C?LLDCODE
  -------         ENDMOD        ?C?LLDCODE

  -------         MODULE        ?C?LLDIDATA0
  C:0B23H         PUBLIC        ?C?LLDIDATA0
  -------         ENDMOD        ?C?LLDIDATA0

  -------         MODULE        ?C?LLDXDATA0
  C:0B30H         PUBLIC        ?C?LLDXDATA0
  -------         ENDMOD        ?C?LLDXDATA0

  -------         MODULE        ?C?LLDPDATA0
  C:0B3CH         PUBLIC        ?C?LLDPDATA0
  -------         ENDMOD        ?C?LLDPDATA0

  -------         MODULE        ?C?LLDCODE0
  C:0B49H         PUBLIC        ?C?LLDCODE0
  -------         ENDMOD        ?C?LLDCODE0

  -------         MODULE        ?C?LSTIDATA
  C:0B59H         PUBLIC        ?C?LSTIDATA
  -------         ENDMOD        ?C?LSTIDATA

  -------         MODULE        ?C?LSTXDATA
  C:0B65H         PUBLIC        ?C?LSTXDATA
  -------         ENDMOD        ?C?LSTXDATA

  -------         MODULE        ?C?LSTPDATA
  C:0B71H         PUBLIC        ?C?LSTPDATA
  -------         ENDMOD        ?C?LSTPDATA

*** WARNING L16: UNCALLED SEGMENT, IGNORED FOR OVERLAY PROCESS
    SEGMENT: ?PR?_TIMEOUT_RECORD?TIMEOUT

*** WARNING L16: UNCALLED SEGMENT, IGNORED FOR OVERLAY PROCESS
    SEGMENT: ?PR?_TIMEOUTDET_CHECK?TIMEOUT

Program Size: data=80.3 xdata=159 code=8132
LINK/LOCATE RUN COMPLETE.  2 WARNING(S),  0 ERROR(S)
